ELMER SOLVER (v 9.0) STARTED AT: 2026/05/12 11:55:32
ELMER SOLVER (v 9.0) STARTED AT: 2026/05/12 11:55:32
ELMER SOLVER (v 9.0) STARTED AT: 2026/05/12 11:55:32
ELMER SOLVER (v 9.0) STARTED AT: 2026/05/12 11:55:32
ELMER SOLVER (v 9.0) STARTED AT: 2026/05/12 11:55:32
ELMER SOLVER (v 9.0) STARTED AT: 2026/05/12 11:55:32
ELMER SOLVER (v 9.0) STARTED AT: 2026/05/12 11:55:32
ELMER SOLVER (v 9.0) STARTED AT: 2026/05/12 11:55:32
ELMER SOLVER (v 9.0) STARTED AT: 2026/05/12 11:55:32
ELMER SOLVER (v 9.0) STARTED AT: 2026/05/12 11:55:32
ELMER SOLVER (v 9.0) STARTED AT: 2026/05/12 11:55:32
ELMER SOLVER (v 9.0) STARTED AT: 2026/05/12 11:55:32
ELMER SOLVER (v 9.0) STARTED AT: 2026/05/12 11:55:32
ELMER SOLVER (v 9.0) STARTED AT: 2026/05/12 11:55:32
ELMER SOLVER (v 9.0) STARTED AT: 2026/05/12 11:55:32
ELMER SOLVER (v 9.0) STARTED AT: 2026/05/12 11:55:32
ELMER SOLVER (v 9.0) STARTED AT: 2026/05/12 11:55:32
ELMER SOLVER (v 9.0) STARTED AT: 2026/05/12 11:55:32
ELMER SOLVER (v 9.0) STARTED AT: 2026/05/12 11:55:32
ELMER SOLVER (v 9.0) STARTED AT: 2026/05/12 11:55:32
ELMER SOLVER (v 9.0) STARTED AT: 2026/05/12 11:55:32
ELMER SOLVER (v 9.0) STARTED AT: 2026/05/12 11:55:32
ELMER SOLVER (v 9.0) STARTED AT: 2026/05/12 11:55:32
ELMER SOLVER (v 9.0) STARTED AT: 2026/05/12 11:55:32
ELMER SOLVER (v 9.0) STARTED AT: 2026/05/12 11:55:32
ELMER SOLVER (v 9.0) STARTED AT: 2026/05/12 11:55:32
ELMER SOLVER (v 9.0) STARTED AT: 2026/05/12 11:55:32
ELMER SOLVER (v 9.0) STARTED AT: 2026/05/12 11:55:32
ELMER SOLVER (v 9.0) STARTED AT: 2026/05/12 11:55:32
ELMER SOLVER (v 9.0) STARTED AT: 2026/05/12 11:55:32
ELMER SOLVER (v 9.0) STARTED AT: 2026/05/12 11:55:32
ELMER SOLVER (v 9.0) STARTED AT: 2026/05/12 11:55:32
ELMER SOLVER (v 9.0) STARTED AT: 2026/05/12 11:55:32
ELMER SOLVER (v 9.0) STARTED AT: 2026/05/12 11:55:32
ELMER SOLVER (v 9.0) STARTED AT: 2026/05/12 11:55:32
ELMER SOLVER (v 9.0) STARTED AT: 2026/05/12 11:55:32
ELMER SOLVER (v 9.0) STARTED AT: 2026/05/12 11:55:32
ELMER SOLVER (v 9.0) STARTED AT: 2026/05/12 11:55:32
ELMER SOLVER (v 9.0) STARTED AT: 2026/05/12 11:55:32
ELMER SOLVER (v 9.0) STARTED AT: 2026/05/12 11:55:32
ELMER SOLVER (v 9.0) STARTED AT: 2026/05/12 11:55:32
ELMER SOLVER (v 9.0) STARTED AT: 2026/05/12 11:55:32
ELMER SOLVER (v 9.0) STARTED AT: 2026/05/12 11:55:32
ELMER SOLVER (v 9.0) STARTED AT: 2026/05/12 11:55:32
ELMER SOLVER (v 9.0) STARTED AT: 2026/05/12 11:55:32
ELMER SOLVER (v 9.0) STARTED AT: 2026/05/12 11:55:32
ELMER SOLVER (v 9.0) STARTED AT: 2026/05/12 11:55:32
ELMER SOLVER (v 9.0) STARTED AT: 2026/05/12 11:55:32
ELMER SOLVER (v 9.0) STARTED AT: 2026/05/12 11:55:32
ELMER SOLVER (v 9.0) STARTED AT: 2026/05/12 11:55:32
ELMER SOLVER (v 9.0) STARTED AT: 2026/05/12 11:55:32
ELMER SOLVER (v 9.0) STARTED AT: 2026/05/12 11:55:32
ELMER SOLVER (v 9.0) STARTED AT: 2026/05/12 11:55:32
ELMER SOLVER (v 9.0) STARTED AT: 2026/05/12 11:55:32
ELMER SOLVER (v 9.0) STARTED AT: 2026/05/12 11:55:33
ELMER SOLVER (v 9.0) STARTED AT: 2026/05/12 11:55:33
ELMER SOLVER (v 9.0) STARTED AT: 2026/05/12 11:55:33
ELMER SOLVER (v 9.0) STARTED AT: 2026/05/12 11:55:33
ELMER SOLVER (v 9.0) STARTED AT: 2026/05/12 11:55:33
ELMER SOLVER (v 9.0) STARTED AT: 2026/05/12 11:55:33
ELMER SOLVER (v 9.0) STARTED AT: 2026/05/12 11:55:33
ELMER SOLVER (v 9.0) STARTED AT: 2026/05/12 11:55:33
ELMER SOLVER (v 9.0) STARTED AT: 2026/05/12 11:55:33
ELMER SOLVER (v 9.0) STARTED AT: 2026/05/12 11:55:33
ParCommInit: Initialize #PEs: 64
ParCommInit: Initialize #PEs: 64
ParCommInit: Initialize #PEs: 64
MAIN: 
MAIN: =============================================================
MAIN: ElmerSolver finite element software, Welcome!
MAIN: This program is free software licensed under (L)GPL
MAIN: Copyright 1st April 1995 - , CSC - IT Center for Science Ltd.
MAIN: Webpage http://www.csc.fi/elmer, Email elmeradm@csc.fi
MAIN: Version: 9.0 (Rev: afd75d4, Compiled: 2025-09-26)
MAIN:  Running in parallel using 64 tasks.
MAIN:  Running with just one thread per task.
MAIN:  HYPRE library linked in.
MAIN:  MUMPS library linked in.
MAIN:  MMG library linked in.
MAIN:  Lua interpreter linked in.
MAIN:  Zoltan library linked in.
MAIN: =============================================================
ParCommInit: Initialize #PEs: 64
MAIN: 
MAIN: 
MAIN: -------------------------------------
MAIN: Reading Model: ThermoCoupled.sif
LoadInputFile: Scanning input file: ThermoCoupled.sif
LoadInputFile: Scanning only size info
LoadInputFile: First time visiting
LoadInputFile: Reading base load of sif file
OpenIncludeFile: Trying to include file: "Initialisation/Dimensional_ICs/ctmask_dim.xy"
CheckKeyword: Found keyword type assuming suffix 1 for: exported variable 2
CheckKeyword: Found keyword type assuming suffix 1 for: exported variable 2
CheckKeyword: Found keyword type assuming suffix 1 for: exported variable 2
CheckKeyword: Found keyword type assuming suffix 1 for: exported variable 2
CheckKeyword: Found keyword type assuming suffix 1 for: operator 2
CheckKeyword: Found keyword type assuming suffix 1 for: operator 2
OpenIncludeFile: Trying to include file:  SRC/linsys/mumps.sif
CheckKeyword: Found keyword type assuming suffix 1 for: exported variable 2
CheckKeyword: Found keyword type assuming suffix 1 for: exported variable 2
CheckKeyword: Found keyword type assuming suffix 1 for: exported variable 2
CheckKeyword: Found keyword type assuming suffix 1 for: exported variable 2
CheckKeyword: Found keyword type assuming suffix 1 for: exported variable 3
CheckKeyword: Found keyword type assuming suffix 1 for: exported variable 3
CheckKeyword: Found keyword type assuming suffix 1 for: exported variable 4
CheckKeyword: Found keyword type assuming suffix 1 for: exported variable 4
CheckKeyword: Found keyword type assuming suffix 1 for: exported variable 5
CheckKeyword: Found keyword type assuming suffix 1 for: exported variable 5
CheckKeyword: Found keyword type assuming suffix 1 for: exported variable 6
CheckKeyword: Found keyword type assuming suffix 1 for: exported variable 6
CheckKeyword: Found keyword type assuming suffix 1 for: exported variable 2
CheckKeyword: Found keyword type assuming suffix 1 for: exported variable 2
CheckKeyword: Found keyword type assuming suffix 1 for: exported variable 2
CheckKeyword: Found keyword type assuming suffix 1 for: exported variable 2
CheckKeyword: Found keyword type assuming suffix 1 for: exported variable 3
CheckKeyword: Found keyword type assuming suffix 1 for: exported variable 3
CheckKeyword: Found keyword type assuming suffix 1 for: exported variable 4
CheckKeyword: Found keyword type assuming suffix 1 for: exported variable 4
LoadInputFile: Loading input file: ThermoCoupled.sif
LoadInputFile: Reading base load of sif file
CheckKeyword:  Unlisted keyword: [gravity norm] in section: [constants]
CheckKeyword:  Unlisted keyword: [fresh water density] in section: [constants]
CheckKeyword:  Unlisted keyword: [water density] in section: [constants]
CheckKeyword:  Unlisted keyword: [ice density] in section: [constants]
CheckKeyword:  Unlisted keyword: [rock density] in section: [constants]
CheckKeyword:  Unlisted keyword: [reference temperature] in section: [constants]
CheckKeyword:  Unlisted keyword: [reference pressure] in section: [constants]
CheckKeyword:  Unlisted keyword: [sea level] in section: [constants]
CheckKeyword:  Unlisted keyword: [preserve baseline] in section: [simulation]
CheckKeyword:  Unlisted keyword: [extruded bc layers] in section: [simulation]
CheckKeyword:  Unlisted keyword: [extruded baseline layer] in section: [simulation]
CheckKeyword:  Unlisted keyword: [stress] in section: [initial condition 3]
CheckKeyword:  Unlisted keyword: [coldtempmask] in section: [initial condition 4]
OpenIncludeFile: Trying to include file: "Initialisation/Dimensional_ICs/ctmask_dim.xy"
WARNING:: LoadInputFile: Entry missing for: Initial Condition 1
WARNING:: LoadInputFile: Entry missing for: Initial Condition 2
WARNING:: LoadInputFile: Entry missing for: Initial Condition 5
WARNING:: LoadInputFile: Entry missing for: Initial Condition 1
WARNING:: LoadInputFile: Entry missing for: Initial Condition 2
WARNING:: LoadInputFile: Entry missing for: Initial Condition 5
WARNING:: LoadInputFile: Entry missing for: Initial Condition 1
WARNING:: LoadInputFile: Entry missing for: Initial Condition 2
WARNING:: LoadInputFile: Entry missing for: Initial Condition 5
WARNING:: LoadInputFile: Entry missing for: Initial Condition 1
WARNING:: LoadInputFile: Entry missing for: Initial Condition 2
WARNING:: LoadInputFile: Entry missing for: Initial Condition 5
WARNING:: LoadInputFile: Entry missing for: Initial Condition 1
WARNING:: LoadInputFile: Entry missing for: Initial Condition 2
WARNING:: LoadInputFile: Entry missing for: Initial Condition 5
WARNING:: LoadInputFile: Entry missing for: Initial Condition 1
WARNING:: LoadInputFile: Entry missing for: Initial Condition 2
WARNING:: LoadInputFile: Entry missing for: Initial Condition 5
WARNING:: LoadInputFile: Entry missing for: Initial Condition 1
WARNING:: LoadInputFile: Entry missing for: Initial Condition 2
WARNING:: LoadInputFile: Entry missing for: Initial Condition 5
WARNING:: LoadInputFile: Entry missing for: Initial Condition 1
WARNING:: LoadInputFile: Entry missing for: Initial Condition 2
WARNING:: LoadInputFile: Entry missing for: Initial Condition 5
WARNING:: LoadInputFile: Entry missing for: Initial Condition 1
WARNING:: LoadInputFile: Entry missing for: Initial Condition 2
WARNING:: LoadInputFile: Entry missing for: Initial Condition 5
WARNING:: LoadInputFile: Entry missing for: Initial Condition 1
WARNING:: LoadInputFile: Entry missing for: Initial Condition 2
WARNING:: LoadInputFile: Entry missing for: Initial Condition 5
WARNING:: LoadInputFile: Entry missing for: Initial Condition 1
WARNING:: LoadInputFile: Entry missing for: Initial Condition 2
WARNING:: LoadInputFile: Entry missing for: Initial Condition 5
WARNING:: LoadInputFile: Entry missing for: Initial Condition 1
WARNING:: LoadInputFile: Entry missing for: Initial Condition 2
WARNING:: LoadInputFile: Entry missing for: Initial Condition 5
WARNING:: LoadInputFile: Entry missing for: Initial Condition 1
WARNING:: LoadInputFile: Entry missing for: Initial Condition 2
WARNING:: LoadInputFile: Entry missing for: Initial Condition 5
WARNING:: LoadInputFile: Entry missing for: Initial Condition 1
WARNING:: LoadInputFile: Entry missing for: Initial Condition 2
WARNING:: LoadInputFile: Entry missing for: Initial Condition 5
WARNING:: LoadInputFile: Entry missing for: Initial Condition 1
WARNING:: LoadInputFile: Entry missing for: Initial Condition 2
WARNING:: LoadInputFile: Entry missing for: Initial Condition 5
WARNING:: LoadInputFile: Entry missing for: Initial Condition 1
WARNING:: LoadInputFile: Entry missing for: Initial Condition 2
WARNING:: LoadInputFile: Entry missing for: Initial Condition 5
WARNING:: LoadInputFile: Entry missing for: Initial Condition 1
WARNING:: LoadInputFile: Entry missing for: Initial Condition 2
WARNING:: LoadInputFile: Entry missing for: Initial Condition 5
WARNING:: LoadInputFile: Entry missing for: Initial Condition 1
WARNING:: LoadInputFile: Entry missing for: Initial Condition 2
WARNING:: LoadInputFile: Entry missing for: Initial Condition 5
WARNING:: LoadInputFile: Entry missing for: Initial Condition 1
WARNING:: LoadInputFile: Entry missing for: Initial Condition 2
WARNING:: LoadInputFile: Entry missing for: Initial Condition 5
WARNING:: LoadInputFile: Entry missing for: Initial Condition 1
WARNING:: LoadInputFile: Entry missing for: Initial Condition 2
WARNING:: LoadInputFile: Entry missing for: Initial Condition 5
WARNING:: LoadInputFile: Entry missing for: Initial Condition 1
WARNING:: LoadInputFile: Entry missing for: Initial Condition 2
WARNING:: LoadInputFile: Entry missing for: Initial Condition 5
WARNING:: LoadInputFile: Entry missing for: Initial Condition 1
WARNING:: LoadInputFile: Entry missing for: Initial Condition 2
WARNING:: LoadInputFile: Entry missing for: Initial Condition 5
WARNING:: LoadInputFile: Entry missing for: Initial Condition 1
WARNING:: LoadInputFile: Entry missing for: Initial Condition 2
WARNING:: LoadInputFile: Entry missing for: Initial Condition 5
WARNING:: LoadInputFile: Entry missing for: Initial Condition 1
WARNING:: LoadInputFile: Entry missing for: Initial Condition 2
WARNING:: LoadInputFile: Entry missing for: Initial Condition 5
WARNING:: LoadInputFile: Entry missing for: Initial Condition 1
WARNING:: LoadInputFile: Entry missing for: Initial Condition 2
WARNING:: LoadInputFile: Entry missing for: Initial Condition 5
WARNING:: LoadInputFile: Entry missing for: Initial Condition 1
WARNING:: LoadInputFile: Entry missing for: Initial Condition 2
WARNING:: LoadInputFile: Entry missing for: Initial Condition 5
WARNING:: LoadInputFile: Entry missing for: Initial Condition 1
WARNING:: LoadInputFile: Entry missing for: Initial Condition 2
WARNING:: LoadInputFile: Entry missing for: Initial Condition 5
WARNING:: LoadInputFile: Entry missing for: Initial Condition 1
WARNING:: LoadInputFile: Entry missing for: Initial Condition 2
WARNING:: LoadInputFile: Entry missing for: Initial Condition 5
WARNING:: LoadInputFile: Entry missing for: Initial Condition 1
WARNING:: LoadInputFile: Entry missing for: Initial Condition 2
WARNING:: LoadInputFile: Entry missing for: Initial Condition 5
CheckKeyword:  Unlisted keyword: [water sheet thickness] in section: [initial condition 4]
CheckKeyword:  Unlisted keyword: [partial vertical meshupdate 1] in section: [body force 1]
CheckKeyword:  Unlisted keyword: [partial vertical meshupdate 2] in section: [body force 1]
CheckKeyword:  Unlisted keyword: [temperature upper limit] in section: [body force 1]
CheckKeyword:  Unlisted keyword: [partial vertical meshupdate 1] in section: [body force 2]
CheckKeyword:  Unlisted keyword: [partial vertical meshupdate 2] in section: [body force 2]
CheckKeyword:  Unlisted keyword: [temperature upper limit] in section: [body force 2]
CheckKeyword:  Unlisted keyword: [temperature upper limit] in section: [body force 3]
CheckKeyword:  Unlisted keyword: [zb accumulation] in section: [body force 4]
CheckKeyword:  Unlisted keyword: [flow solver name] in section: [body force 4]
CheckKeyword:  Unlisted keyword: [temperature upper limit] in section: [body force 4]
CheckKeyword:  Unlisted keyword: [melt source] in section: [body force 4]
CheckKeyword:  Unlisted keyword: [melt rate] in section: [body force 4]
CheckKeyword:  Unlisted keyword: [effective pressure output] in section: [body force 4]
CheckKeyword:  Unlisted keyword: [hydraulic conductivity output] in section: [body force 4]
CheckKeyword:  Unlisted keyword: [water sheet thickness passive] in section: [body force 4]
CheckKeyword:  Unlisted keyword: [zs accumulation] in section: [body force 5]
CheckKeyword:  Unlisted keyword: [temperature upper limit] in section: [body force 5]
CheckKeyword:  Unlisted keyword: [heat capacity scaling factor] in section: [material 3]
CheckKeyword:  Unlisted keyword: [heat conductivity scaling factor] in section: [material 3]
CheckKeyword:  Unlisted keyword: [latent heat capacity] in section: [material 3]
CheckKeyword:  Unlisted keyword: [cauchy] in section: [material 3]
CheckKeyword:  Unlisted keyword: [glen allow old keywords] in section: [material 3]
CheckKeyword:  Unlisted keyword: [tm] in section: [material 3]
CheckKeyword:  Unlisted keyword: [max zb] in section: [material 3]
CheckKeyword:  Unlisted keyword: [min zs] in section: [material 3]
CheckKeyword:  Unlisted keyword: [max zs] in section: [material 3]
CheckKeyword:  Unlisted keyword: [temperature upper limit] in section: [material 3]
CheckKeyword:  Unlisted keyword: [density water] in section: [material 3]
CheckKeyword:  Unlisted keyword: [bedrock bump height] in section: [material 3]
CheckKeyword:  Unlisted keyword: [cavity spacing] in section: [material 3]
CheckKeyword:  Unlisted keyword: [phi0] in section: [material 3]
CheckKeyword:  Unlisted keyword: [effective pressure] in section: [material 3]
CheckKeyword:  Unlisted keyword: [effective pressure first derivative] in section: [material 3]
CheckKeyword:  Unlisted keyword: [effective pressure second derivative] in section: [material 3]
CheckKeyword:  Unlisted keyword: [hydraulic conductivity first derivative] in section: [material 3]
CheckKeyword:  Unlisted keyword: [minimum height] in section: [solver 1]
CheckKeyword:  Unlisted keyword: [mesh update variable] in section: [solver 1]
CheckKeyword: Found keyword type assuming suffix 1 for: exported variable 2
CheckKeyword: Found keyword type assuming suffix 1 for: exported variable 2
CheckKeyword:  Unlisted keyword: [adjust surface] in section: [solver 1]
CheckKeyword:  Unlisted keyword: [toler] in section: [solver 2]
CheckKeyword:  Unlisted keyword: [bedrock variable] in section: [solver 2]
CheckKeyword:  Unlisted keyword: [minimum height] in section: [solver 3]
CheckKeyword:  Unlisted keyword: [mesh update variable] in section: [solver 3]
CheckKeyword: Found keyword type assuming suffix 1 for: exported variable 2
CheckKeyword: Found keyword type assuming suffix 1 for: exported variable 2
CheckKeyword:  Unlisted keyword: [adjust surface] in section: [solver 3]
CheckKeyword: Found keyword type assuming suffix 1 for: operator 2
CheckKeyword: Found keyword type assuming suffix 1 for: operator 2
CheckKeyword:  Unlisted keyword: [computeall] in section: [solver 6]
CheckKeyword:  Unlisted keyword: [toler] in section: [solver 8]
CheckKeyword:  Unlisted keyword: [bedrock variable] in section: [solver 8]
OpenIncludeFile: Trying to include file:  SRC/linsys/mumps.sif
WARNING:: LoadInputFile: Entry missing for: Initial Condition 1
WARNING:: LoadInputFile: Entry missing for: Initial Condition 2
WARNING:: LoadInputFile: Entry missing for: Initial Condition 5
WARNING:: LoadInputFile: Entry missing for: Initial Condition 1
WARNING:: LoadInputFile: Entry missing for: Initial Condition 2
WARNING:: LoadInputFile: Entry missing for: Initial Condition 5
WARNING:: LoadInputFile: Entry missing for: Initial Condition 1
WARNING:: LoadInputFile: Entry missing for: Initial Condition 2
WARNING:: LoadInputFile: Entry missing for: Initial Condition 5
WARNING:: LoadInputFile: Entry missing for: Initial Condition 1
WARNING:: LoadInputFile: Entry missing for: Initial Condition 2
WARNING:: LoadInputFile: Entry missing for: Initial Condition 5
WARNING:: LoadInputFile: Entry missing for: Initial Condition 1
WARNING:: LoadInputFile: Entry missing for: Initial Condition 2
WARNING:: LoadInputFile: Entry missing for: Initial Condition 5
WARNING:: LoadInputFile: Entry missing for: Initial Condition 1
WARNING:: LoadInputFile: Entry missing for: Initial Condition 2
WARNING:: LoadInputFile: Entry missing for: Initial Condition 5
WARNING:: LoadInputFile: Entry missing for: Initial Condition 1
WARNING:: LoadInputFile: Entry missing for: Initial Condition 2
WARNING:: LoadInputFile: Entry missing for: Initial Condition 5
WARNING:: LoadInputFile: Entry missing for: Initial Condition 1
WARNING:: LoadInputFile: Entry missing for: Initial Condition 2
WARNING:: LoadInputFile: Entry missing for: Initial Condition 5
WARNING:: LoadInputFile: Entry missing for: Initial Condition 1
WARNING:: LoadInputFile: Entry missing for: Initial Condition 2
WARNING:: LoadInputFile: Entry missing for: Initial Condition 5
WARNING:: LoadInputFile: Entry missing for: Initial Condition 1
WARNING:: LoadInputFile: Entry missing for: Initial Condition 2
WARNING:: LoadInputFile: Entry missing for: Initial Condition 5
WARNING:: LoadInputFile: Entry missing for: Initial Condition 1
WARNING:: LoadInputFile: Entry missing for: Initial Condition 2
WARNING:: LoadInputFile: Entry missing for: Initial Condition 5
WARNING:: LoadInputFile: Entry missing for: Initial Condition 1
WARNING:: LoadInputFile: Entry missing for: Initial Condition 2
WARNING:: LoadInputFile: Entry missing for: Initial Condition 5
WARNING:: LoadInputFile: Entry missing for: Initial Condition 1
WARNING:: LoadInputFile: Entry missing for: Initial Condition 2
WARNING:: LoadInputFile: Entry missing for: Initial Condition 5
WARNING:: LoadInputFile: Entry missing for: Initial Condition 1
WARNING:: LoadInputFile: Entry missing for: Initial Condition 2
WARNING:: LoadInputFile: Entry missing for: Initial Condition 5
WARNING:: LoadInputFile: Entry missing for: Initial Condition 1
WARNING:: LoadInputFile: Entry missing for: Initial Condition 2
WARNING:: LoadInputFile: Entry missing for: Initial Condition 5
WARNING:: LoadInputFile: Entry missing for: Initial Condition 1
WARNING:: LoadInputFile: Entry missing for: Initial Condition 2
WARNING:: LoadInputFile: Entry missing for: Initial Condition 5
WARNING:: LoadInputFile: Entry missing for: Initial Condition 1
WARNING:: LoadInputFile: Entry missing for: Initial Condition 2
WARNING:: LoadInputFile: Entry missing for: Initial Condition 5
CheckKeyword: Found keyword type assuming suffix 1 for: exported variable 2
CheckKeyword: Found keyword type assuming suffix 1 for: exported variable 2
CheckKeyword: Found keyword type assuming suffix 1 for: exported variable 2
CheckKeyword: Found keyword type assuming suffix 1 for: exported variable 2
CheckKeyword: Found keyword type assuming suffix 1 for: exported variable 3
CheckKeyword: Found keyword type assuming suffix 1 for: exported variable 3
CheckKeyword: Found keyword type assuming suffix 1 for: exported variable 4
CheckKeyword: Found keyword type assuming suffix 1 for: exported variable 4
CheckKeyword: Found keyword type assuming suffix 1 for: exported variable 5
CheckKeyword: Found keyword type assuming suffix 1 for: exported variable 5
CheckKeyword: Found keyword type assuming suffix 1 for: exported variable 6
CheckKeyword: Found keyword type assuming suffix 1 for: exported variable 6
CheckKeyword:  Unlisted keyword: [nonlinear system relaxation before] in section: [solver 11]
CheckKeyword:  Unlisted keyword: [calculate loads slot] in section: [solver 11]
CheckKeyword:  Unlisted keyword: [relaxation factor] in section: [solver 12]
CheckKeyword: Found keyword type assuming suffix 1 for: exported variable 2
CheckKeyword: Found keyword type assuming suffix 1 for: exported variable 2
CheckKeyword:  Unlisted keyword: [relaxation factor] in section: [solver 13]
CheckKeyword:  Unlisted keyword: [flow solver name] in section: [solver 14]
CheckKeyword:  Unlisted keyword: [stress variable name] in section: [solver 14]
CheckKeyword:  Unlisted keyword: [toler] in section: [solver 15]
CheckKeyword: Found keyword type assuming suffix 1 for: exported variable 2
CheckKeyword: Found keyword type assuming suffix 1 for: exported variable 2
CheckKeyword: Found keyword type assuming suffix 1 for: exported variable 3
CheckKeyword: Found keyword type assuming suffix 1 for: exported variable 3
CheckKeyword: Found keyword type assuming suffix 1 for: exported variable 4
CheckKeyword: Found keyword type assuming suffix 1 for: exported variable 4
CheckKeyword:  Unlisted keyword: [partial vertical meshupdate 1] in section: [boundary condition 5]
CheckKeyword:  Unlisted keyword: [partial vertical meshupdate 2] in section: [boundary condition 5]
CheckKeyword:  Unlisted keyword: [temperature flux bc] in section: [boundary condition 5]
CheckKeyword:  Unlisted keyword: [partial vertical meshupdate 1] in section: [boundary condition 6]
CheckKeyword:  Unlisted keyword: [partial vertical meshupdate 2] in section: [boundary condition 6]
CheckKeyword:  Unlisted keyword: [partial vertical meshupdate 1] in section: [boundary condition 7]
CheckKeyword:  Unlisted keyword: [partial vertical meshupdate 2] in section: [boundary condition 7]
CheckKeyword:  Unlisted keyword: [partial vertical meshupdate 1] in section: [boundary condition 8]
CheckKeyword:  Unlisted keyword: [partial vertical meshupdate 2] in section: [boundary condition 8]
CheckKeyword:  Unlisted keyword: [partial vertical meshupdate 1] in section: [boundary condition 9]
CheckKeyword:  Unlisted keyword: [partial vertical meshupdate 2] in section: [boundary condition 9]
CheckKeyword:  Unlisted keyword: [temperature flux bc] in section: [boundary condition 9]
CheckKeyword:  Unlisted keyword: [partial vertical meshupdate 1] in section: [boundary condition 10]
CheckKeyword:  Unlisted keyword: [partial vertical meshupdate 2] in section: [boundary condition 10]
CheckKeyword:  Unlisted keyword: [partial vertical meshupdate 1] in section: [boundary condition 11]
CheckKeyword:  Unlisted keyword: [partial vertical meshupdate 2] in section: [boundary condition 11]
CheckKeyword:  Unlisted keyword: [partial vertical meshupdate 1] in section: [boundary condition 12]
CheckKeyword:  Unlisted keyword: [partial vertical meshupdate 2] in section: [boundary condition 12]
CheckKeyword:  Unlisted keyword: [partial vertical meshupdate 1] in section: [boundary condition 13]
CheckKeyword:  Unlisted keyword: [partial vertical meshupdate 2] in section: [boundary condition 13]
CheckKeyword:  Unlisted keyword: [partial vertical meshupdate 3] in section: [boundary condition 13]
CheckKeyword:  Unlisted keyword: [temperature flux bc] in section: [boundary condition 13]
Loading user function library: [SRC/Buoyancy.so]...[SeaPressure]
CheckKeyword:  Unlisted keyword: [compute sea pressure] in section: [boundary condition 14]
CheckKeyword:  Unlisted keyword: [partial vertical meshupdate 1] in section: [boundary condition 14]
CheckKeyword:  Unlisted keyword: [partial vertical meshupdate 2] in section: [boundary condition 14]
CheckKeyword:  Unlisted keyword: [computenormal] in section: [boundary condition 14]
CheckKeyword:  Unlisted keyword: [partial vertical meshupdate 1] in section: [boundary condition 15]
CheckKeyword:  Unlisted keyword: [partial vertical meshupdate 2] in section: [boundary condition 15]
CheckKeyword:  Unlisted keyword: [partial vertical meshupdate 3] in section: [boundary condition 15]
CheckKeyword:  Unlisted keyword: [partial vertical meshupdate 1] in section: [boundary condition 16]
CheckKeyword:  Unlisted keyword: [partial vertical meshupdate 2] in section: [boundary condition 16]
CheckKeyword:  Unlisted keyword: [partial vertical meshupdate 3] in section: [boundary condition 16]
CheckKeyword:  Unlisted keyword: [partial vertical meshupdate 1] in section: [boundary condition 17]
CheckKeyword:  Unlisted keyword: [partial vertical meshupdate 2] in section: [boundary condition 17]
CheckKeyword:  Unlisted keyword: [partial vertical meshupdate 3] in section: [boundary condition 17]
CheckKeyword:  Unlisted keyword: [temperature flux bc] in section: [boundary condition 17]
CheckKeyword:  Unlisted keyword: [partial vertical meshupdate 1] in section: [boundary condition 18]
CheckKeyword:  Unlisted keyword: [partial vertical meshupdate 2] in section: [boundary condition 18]
CheckKeyword:  Unlisted keyword: [partial vertical meshupdate 3] in section: [boundary condition 18]
CheckKeyword:  Unlisted keyword: [zb condition] in section: [boundary condition 19]
CheckKeyword:  Unlisted keyword: [flow solution name] in section: [boundary condition 19]
Loading user function library: [SRC/Buoyancy.so]...[SeaSpring]
CheckKeyword:  Unlisted keyword: [compute sea spring] in section: [boundary condition 19]
Loading user function library: [ElmerIceUSF]...[SlidCoef_Contact]
Loading user function library: [ElmerIceUSF]...[SlidCoef_Contact]
Loading user function library: [SRC/Buoyancy.so]...[SeaPressure]
CheckKeyword:  Unlisted keyword: [compute sea pressure] in section: [boundary condition 19]
CheckKeyword:  Unlisted keyword: [computenormal condition] in section: [boundary condition 19]
CheckKeyword:  Unlisted keyword: [grounding line moves] in section: [boundary condition 19]
CheckKeyword:  Unlisted keyword: [grounding line definition] in section: [boundary condition 19]
CheckKeyword:  Unlisted keyword: [test contact tolerance] in section: [boundary condition 19]
CheckKeyword:  Unlisted keyword: [sliding law] in section: [boundary condition 19]
CheckKeyword:  Unlisted keyword: [weertman exponent] in section: [boundary condition 19]
CheckKeyword:  Unlisted keyword: [weertman friction coefficient] in section: [boundary condition 19]
CheckKeyword:  Unlisted keyword: [weertman linear velocity] in section: [boundary condition 19]
CheckKeyword:  Unlisted keyword: [partial vertical meshupdate 1] in section: [boundary condition 19]
CheckKeyword:  Unlisted keyword: [partial vertical meshupdate 2] in section: [boundary condition 19]
CheckKeyword:  Unlisted keyword: [partial vertical meshupdate 3] in section: [boundary condition 19]
CheckKeyword:  Unlisted keyword: [friction loads] in section: [boundary condition 19]
CheckKeyword:  Unlisted keyword: [temperature load condition] in section: [boundary condition 19]
CheckKeyword:  Unlisted keyword: [calculate temperature boundary weights] in section: [boundary condition 19]
CheckKeyword:  Unlisted keyword: [fssa theta] in section: [boundary condition 19]
CheckKeyword:  Unlisted keyword: [fssa flag] in section: [boundary condition 19]
CheckKeyword:  Unlisted keyword: [fssa accumulation] in section: [boundary condition 19]
CheckKeyword:  Unlisted keyword: [water sheet thickness] in section: [boundary condition 19]
CheckKeyword:  Unlisted keyword: [water sheet thickness condition] in section: [boundary condition 19]
WARNING:: LoadInputFile: Entry missing for: Initial Condition 1
WARNING:: LoadInputFile: Entry missing for: Initial Condition 2
WARNING:: LoadInputFile: Entry missing for: Initial Condition 5
CheckKeyword:  Unlisted keyword: [computenormal] in section: [boundary condition 20]
CheckKeyword:  Unlisted keyword: [partial vertical meshupdate 1] in section: [boundary condition 20]
CheckKeyword:  Unlisted keyword: [partial vertical meshupdate 2] in section: [boundary condition 20]
CheckKeyword:  Unlisted keyword: [partial vertical meshupdate 3] in section: [boundary condition 20]
CheckKeyword:  Unlisted keyword: [fssa theta] in section: [boundary condition 20]
CheckKeyword:  Unlisted keyword: [fssa flag] in section: [boundary condition 20]
CheckKeyword:  Unlisted keyword: [fssa accumulation] in section: [boundary condition 20]
LoadInputFile: Number of BCs: 20
LoadInputFile: Number of Body Forces: 5
LoadInputFile: Number of Initial Conditions: 5
WARNING:: LoadInputFile: Entry missing for: Initial Condition 1
WARNING:: LoadInputFile: Entry missing for: Initial Condition 2
WARNING:: LoadInputFile: Entry missing for: Initial Condition 5
LoadInputFile: Number of Materials: 3
LoadInputFile: Number of Equations: 5
LoadInputFile: Number of Solvers: 16
LoadInputFile: Number of Bodies: 5
ListTagKeywords: Setting weight for keywords!
ListTagKeywords: No parameters width suffix: normalize by area
ListTagKeywords: Setting weight for keywords!
ListTagKeywords: No parameters width suffix: normalize by volume
WARNING:: LoadInputFile: Entry missing for: Initial Condition 1
WARNING:: LoadInputFile: Entry missing for: Initial Condition 2
WARNING:: LoadInputFile: Entry missing for: Initial Condition 5
WARNING:: LoadInputFile: Entry missing for: Initial Condition 1
WARNING:: LoadInputFile: Entry missing for: Initial Condition 2
WARNING:: LoadInputFile: Entry missing for: Initial Condition 5
WARNING:: LoadInputFile: Entry missing for: Initial Condition 1
WARNING:: LoadInputFile: Entry missing for: Initial Condition 2
WARNING:: LoadInputFile: Entry missing for: Initial Condition 5
WARNING:: LoadInputFile: Entry missing for: Initial Condition 1
WARNING:: LoadInputFile: Entry missing for: Initial Condition 2
WARNING:: LoadInputFile: Entry missing for: Initial Condition 5
WARNING:: LoadInputFile: Entry missing for: Initial Condition 1
WARNING:: LoadInputFile: Entry missing for: Initial Condition 2
WARNING:: LoadInputFile: Entry missing for: Initial Condition 5
WARNING:: LoadInputFile: Entry missing for: Initial Condition 1
WARNING:: LoadInputFile: Entry missing for: Initial Condition 2
WARNING:: LoadInputFile: Entry missing for: Initial Condition 5
WARNING:: LoadInputFile: Entry missing for: Initial Condition 1
WARNING:: LoadInputFile: Entry missing for: Initial Condition 2
WARNING:: LoadInputFile: Entry missing for: Initial Condition 5
WARNING:: LoadInputFile: Entry missing for: Initial Condition 1
WARNING:: LoadInputFile: Entry missing for: Initial Condition 2
WARNING:: LoadInputFile: Entry missing for: Initial Condition 5
WARNING:: LoadInputFile: Entry missing for: Initial Condition 1
WARNING:: LoadInputFile: Entry missing for: Initial Condition 2
WARNING:: LoadInputFile: Entry missing for: Initial Condition 5
WARNING:: LoadInputFile: Entry missing for: Initial Condition 1
WARNING:: LoadInputFile: Entry missing for: Initial Condition 2
WARNING:: LoadInputFile: Entry missing for: Initial Condition 5
WARNING:: LoadInputFile: Entry missing for: Initial Condition 1
WARNING:: LoadInputFile: Entry missing for: Initial Condition 2
WARNING:: LoadInputFile: Entry missing for: Initial Condition 5
WARNING:: LoadInputFile: Entry missing for: Initial Condition 1
WARNING:: LoadInputFile: Entry missing for: Initial Condition 2
WARNING:: LoadInputFile: Entry missing for: Initial Condition 5
WARNING:: LoadInputFile: Entry missing for: Initial Condition 1
WARNING:: LoadInputFile: Entry missing for: Initial Condition 2
WARNING:: LoadInputFile: Entry missing for: Initial Condition 5
WARNING:: LoadInputFile: Entry missing for: Initial Condition 1
WARNING:: LoadInputFile: Entry missing for: Initial Condition 2
WARNING:: LoadInputFile: Entry missing for: Initial Condition 5
WARNING:: LoadInputFile: Entry missing for: Initial Condition 1
WARNING:: LoadInputFile: Entry missing for: Initial Condition 2
WARNING:: LoadInputFile: Entry missing for: Initial Condition 5
WARNING:: LoadInputFile: Entry missing for: Initial Condition 1
WARNING:: LoadInputFile: Entry missing for: Initial Condition 2
WARNING:: LoadInputFile: Entry missing for: Initial Condition 5
WARNING:: LoadRestartFile: Permutations are of different size (2244 vs. 6444): groundedmask
WARNING:: LoadRestartFile: Permutations are of different size (2244 vs. 6444): groundedmask
WARNING:: LoadRestartFile: Permutations are of different size (2142 vs. 6142): groundedmask
WARNING:: LoadRestartFile: Permutations are of different size (2244 vs. 6444): groundedmask
WARNING:: LoadRestartFile: Permutations are of different size (2244 vs. 6444): groundedmask
WARNING:: LoadRestartFile: Permutations are of different size (2244 vs. 6444): groundedmask
WARNING:: LoadRestartFile: Permutations are of different size (2142 vs. 6142): groundedmask
WARNING:: LoadRestartFile: Permutations are of different size (2244 vs. 6444): groundedmask
WARNING:: LoadRestartFile: Permutations are of different size (2244 vs. 6444): groundedmask
WARNING:: LoadRestartFile: Permutations are of different size (2244 vs. 6444): groundedmask
WARNING:: LoadRestartFile: Permutations are of different size (2244 vs. 6444): groundedmask
WARNING:: LoadRestartFile: Permutations are of different size (2244 vs. 6444): groundedmask
WARNING:: LoadRestartFile: Permutations are of different size (2244 vs. 6444): groundedmask
WARNING:: LoadRestartFile: Permutations are of different size (2244 vs. 6444): groundedmask
WARNING:: LoadRestartFile: Permutations are of different size (2244 vs. 6444): groundedmask
WARNING:: LoadRestartFile: Permutations are of different size (2244 vs. 6444): groundedmask
WARNING:: LoadRestartFile: Permutations are of different size (2244 vs. 6444): groundedmask
WARNING:: LoadRestartFile: Permutations are of different size (2244 vs. 6444): groundedmask
WARNING:: LoadRestartFile: Permutations are of different size (2244 vs. 6444): groundedmask
WARNING:: LoadRestartFile: Permutations are of different size (2142 vs. 6142): groundedmask
WARNING:: LoadRestartFile: Permutations are of different size (2244 vs. 6444): groundedmask
WARNING:: LoadRestartFile: Permutations are of different size (2244 vs. 6444): groundedmask
WARNING:: LoadRestartFile: Permutations are of different size (2244 vs. 6444): groundedmask
WARNING:: LoadRestartFile: Permutations are of different size (2244 vs. 6444): groundedmask
WARNING:: LoadRestartFile: Permutations are of different size (2244 vs. 6444): groundedmask
WARNING:: LoadRestartFile: Permutations are of different size (2142 vs. 6142): groundedmask
WARNING:: LoadRestartFile: Permutations are of different size (2244 vs. 6444): groundedmask
WARNING:: LoadRestartFile: Permutations are of different size (2244 vs. 6444): groundedmask
WARNING:: LoadRestartFile: Permutations are of different size (2244 vs. 6444): groundedmask
WARNING:: LoadRestartFile: Permutations are of different size (2244 vs. 6444): groundedmask
WARNING:: LoadRestartFile: Permutations are of different size (2244 vs. 6444): groundedmask
WARNING:: LoadRestartFile: Permutations are of different size (2244 vs. 6444): groundedmask
WARNING:: LoadRestartFile: Permutations are of different size (2244 vs. 6444): groundedmask
WARNING:: LoadRestartFile: Permutations are of different size (2244 vs. 6444): groundedmask
WARNING:: LoadRestartFile: Permutations are of different size (2244 vs. 6444): groundedmask
WARNING:: LoadRestartFile: Permutations are of different size (2244 vs. 6444): groundedmask
WARNING:: LoadRestartFile: Permutations are of different size (2244 vs. 6444): groundedmask
WARNING:: LoadRestartFile: Permutations are of different size (2244 vs. 6444): groundedmask
WARNING:: LoadRestartFile: Permutations are of different size (2244 vs. 6444): groundedmask
WARNING:: LoadRestartFile: Permutations are of different size (2142 vs. 6142): groundedmask
WARNING:: LoadRestartFile: Permutations are of different size (2244 vs. 6444): groundedmask
WARNING:: LoadRestartFile: Permutations are of different size (2244 vs. 6444): groundedmask
WARNING:: LoadRestartFile: Permutations are of different size (2142 vs. 6142): groundedmask
WARNING:: LoadRestartFile: Permutations are of different size (2244 vs. 6444): groundedmask
WARNING:: LoadRestartFile: Permutations are of different size (2244 vs. 6444): groundedmask
WARNING:: LoadRestartFile: Permutations are of different size (2142 vs. 6142): groundedmask
WARNING:: LoadRestartFile: Permutations are of different size (2244 vs. 6444): groundedmask
WARNING:: LoadRestartFile: Permutations are of different size (2244 vs. 6444): groundedmask
WARNING:: LoadRestartFile: Permutations are of different size (2244 vs. 6444): groundedmask
WARNING:: LoadRestartFile: Permutations are of different size (2244 vs. 6444): groundedmask
WARNING:: LoadRestartFile: Permutations are of different size (2244 vs. 6444): groundedmask
WARNING:: LoadRestartFile: Permutations are of different size (2244 vs. 6444): groundedmask
WARNING:: LoadRestartFile: Permutations are of different size (2244 vs. 6444): groundedmask
WARNING:: LoadRestartFile: Permutations are of different size (2244 vs. 6444): groundedmask
WARNING:: LoadRestartFile: Permutations are of different size (2244 vs. 6444): groundedmask
WARNING:: LoadRestartFile: Permutations are of different size (2244 vs. 6444): groundedmask
WARNING:: LoadRestartFile: Permutations are of different size (2244 vs. 6444): groundedmask
WARNING:: LoadRestartFile: Permutations are of different size (2244 vs. 6444): groundedmask
WARNING:: LoadRestartFile: Permutations are of different size (2244 vs. 6444): groundedmask
WARNING:: LoadRestartFile: Permutations are of different size (2244 vs. 6444): groundedmask
WARNING:: LoadRestartFile: Permutations are of different size (2244 vs. 6444): groundedmask
WARNING:: LoadRestartFile: Permutations are of different size (2244 vs. 6444): groundedmask
WARNING:: LoadRestartFile: Permutations are of different size (2244 vs. 6444): groundedmask
WARNING:: LoadRestartFile: Permutations are of different size (2244 vs. 6444): groundedmask
GroundedSolver: Computing grounded mask from geometry
GroundedSolver: Memory allocation done.
MAIN: 
MAIN: -------------------------------------
MAIN: Time: 1/110:   1.000E-08
MAIN: -------------------------------------
MAIN: 
BiCGStabl:       33 0.7196E-12 0.7100E-12
ComputeChange: NS (ITER=1) (NRM,RELC): (  38.637592      2.0000000     ) :: partial update
ComputeNormalSolver: Computing Normal Vector for Nodes
ComputeNormalSolver: End
ColdTempMaskSolver: Memory allocation done
SolveEquations: -------------------------------------
SolveEquations:  Coupled system iteration:            1
SolveEquations: -------------------------------------
GetHydrostaticLoads: Memory allocation done.
SeaPressure: Variable Sea level not found. Setting to 0.0
Update Periodic Nodes for: fwater 1: Start
UpdatePeriodicNodes: All Done
Update Periodic Nodes for: fwater 2: Start
UpdatePeriodicNodes: All Done
Update Periodic Nodes for: fwater 3: Start
UpdatePeriodicNodes: All Done
GetHydrostaticLoads: End
ComputeChange: SS (ITER=1) (NRM,RELC): (  2537325.4      2.0000000     ) :: fw
GroundedSolver: Computing grounded mask from geometry
ComputeChange: SS (ITER=1) (NRM,RELC): ( 0.99749866      2.0000000     ) :: groundedmask
SlidCoef_Contact: Grounding Line Defined as discontinuous
SlidCoef_Contact: GL may move by default
SlidCoef_Contact: If you want to fix the Grounding Line, put the keyword "Grounding line moves" to False
SlidCoef_Contact: Contact tested for a tolerance of 0.10000000E-02
SlidCoef_Contact: far inland nodes have the possibility to detach by default
SlidCoef_Contact: to avoid detachment (when bedrock is well below sea level),
SlidCoef_Contact: use the keyword "non detachment inland distance" to the distance you wish
SlidCoef_Contact: This works with the DistanceSolver
Sliding_Weertman:  Flow Solver Name:Flow Solution SSA: F
ComputeChange: NS (ITER=1) (NRM,RELC): (  1503.7458      2.0000000     ) :: stokes-vec
ComputeChange: NS (ITER=2) (NRM,RELC): (  2004.9943     0.28571428     ) :: stokes-vec
ComputeChange: NS (ITER=3) (NRM,RELC): (  2172.0772     0.79999987E-01 ) :: stokes-vec
ComputeChange: NS (ITER=4) (NRM,RELC): (  2227.7714     0.25316442E-01 ) :: stokes-vec
ComputeChange: NS (ITER=5) (NRM,RELC): (  2246.3362     0.82987710E-02 ) :: stokes-vec
ComputeChange: NS (ITER=6) (NRM,RELC): (  2252.5245     0.27510254E-02 ) :: stokes-vec
ComputeChange: NS (ITER=7) (NRM,RELC): (  2254.5872     0.91532665E-03 ) :: stokes-vec
SlidCoef_Contact: FLOW SOLVER HAS SLIGHTLY CONVERGED: look for new basal conditions
ComputeChange: NS (ITER=8) (NRM,RELC): (  2255.2748     0.30493429E-03 ) :: stokes-vec
ComputeChange: NS (ITER=9) (NRM,RELC): (  2255.5040     0.10163674E-03 ) :: stokes-vec
ComputeChange: NS (ITER=10) (NRM,RELC): (  2255.5804     0.33872257E-04 ) :: stokes-vec
ComputeChange: SS (ITER=1) (NRM,RELC): (  2255.5804      2.0000000     ) :: stokes-vec
ComputeChange: NS (ITER=1) (NRM,RELC): (  20.702886      2.0000000     ) :: deformationalheat
ComputeChange: SS (ITER=1) (NRM,RELC): (  20.702886      2.0000000     ) :: deformationalheat
ComputeChange: NS (ITER=1) (NRM,RELC): (  275.14466     0.10158682E-04 ) :: homologous temperature equation
ComputeChange: NS (ITER=2) (NRM,RELC): (  275.14463     0.25396707E-05 ) :: homologous temperature equation
ComputeChange: SS (ITER=1) (NRM,RELC): (  275.14469      2.0000000     ) :: homologous temperature equation
ComputeChange: NS (ITER=1) (NRM,RELC): (  8.2624179      2.0000000     ) :: stresssolver
ComputeChange: NS (ITER=2) (NRM,RELC): (  8.2436007     0.22800418E-02 ) :: stresssolver
ComputeChange: NS (ITER=3) (NRM,RELC): (  8.2376625     0.72060130E-03 ) :: stresssolver
ComputeChange: NS (ITER=4) (NRM,RELC): ( 0.16726981E-10  2.0000000     ) :: stresssolver
ComputeChange: NS (ITER=5) (NRM,RELC): ( 0.12333431E-10 0.30237354     ) :: stresssolver
ComputeChange: NS (ITER=6) (NRM,RELC): ( 0.20204355      2.0000000     ) :: stresssolver
ComputeChange: SS (ITER=1) (NRM,RELC): ( 0.20204355      2.0000000     ) :: stresssolver
SolveEquations: -------------------------------------
SolveEquations:  Coupled system iteration:            2
SolveEquations: -------------------------------------
Update Periodic Nodes for: fwater 1: Start
UpdatePeriodicNodes: All Done
Update Periodic Nodes for: fwater 2: Start
UpdatePeriodicNodes: All Done
Update Periodic Nodes for: fwater 3: Start
UpdatePeriodicNodes: All Done
GetHydrostaticLoads: End
ComputeChange: SS (ITER=2) (NRM,RELC): (  2537325.4      0.0000000     ) :: fw
GroundedSolver: Computing grounded mask from geometry
ComputeChange: SS (ITER=2) (NRM,RELC): ( 0.99749866      0.0000000     ) :: groundedmask
ComputeChange: NS (ITER=1) (NRM,RELC): (  2255.6043     0.10562809E-04 ) :: stokes-vec
ComputeChange: NS (ITER=2) (NRM,RELC): (  2255.6122     0.35160698E-05 ) :: stokes-vec
ComputeChange: SS (ITER=2) (NRM,RELC): (  2255.6122     0.14078878E-04 ) :: stokes-vec
ComputeChange: NS (ITER=1) (NRM,RELC): (  20.703492     0.29279195E-04 ) :: deformationalheat
ComputeChange: SS (ITER=2) (NRM,RELC): (  20.703492     0.29279195E-04 ) :: deformationalheat
ComputeChange: NS (ITER=1) (NRM,RELC): (  275.14465     0.38095057E-05 ) :: homologous temperature equation
ComputeChange: SS (ITER=2) (NRM,RELC): (  275.14468     0.56245328E-07 ) :: homologous temperature equation
ComputeChange: NS (ITER=1) (NRM,RELC): (  8.2624806      1.9045222     ) :: stresssolver
ComputeChange: NS (ITER=2) (NRM,RELC): (  8.2436632     0.22800432E-02 ) :: stresssolver
ComputeChange: NS (ITER=3) (NRM,RELC): (  8.2377251     0.72058575E-03 ) :: stresssolver
ComputeChange: NS (ITER=4) (NRM,RELC): ( 0.16728167E-10  2.0000000     ) :: stresssolver
ComputeChange: NS (ITER=5) (NRM,RELC): ( 0.12162998E-10 0.31602526     ) :: stresssolver
ComputeChange: NS (ITER=6) (NRM,RELC): ( 0.20204860      2.0000000     ) :: stresssolver
ComputeChange: SS (ITER=2) (NRM,RELC): ( 0.20204860     0.25005682E-04 ) :: stresssolver
       1 0.1038E-09
       1 0.1038E-09
ComputeChange: NS (ITER=1) (NRM,RELC): (  200.60880      2.0000000     ) :: free surface sea/shelf
       1 0.3010E-11
       1 0.3010E-11
ComputeChange: NS (ITER=2) (NRM,RELC): (  200.60880     0.15844506E-08 ) :: free surface sea/shelf
       1 0.4667E-11
       1 0.4667E-11
ComputeChange: NS (ITER=1) (NRM,RELC): (  1098.7701      2.0000000     ) :: free surface top
       1 0.1142E-12
       1 0.1142E-12
ComputeChange: NS (ITER=2) (NRM,RELC): (  1098.7701     0.70978608E-13 ) :: free surface top
SheetSolver: Memory allocation done
ComputeChange: NS (ITER=1) (NRM,RELC): ( 0.10000000E-03  0.0000000     ) :: sheet solver water sheet thickness
MAIN: 
MAIN: -------------------------------------
MAIN: Time: 2/110:   2.000E-08
MAIN: Estimated time left: 22.7 minutes
MAIN: -------------------------------------
MAIN: 
BiCGStabl:       14 0.8276E-12 0.8166E-12
ComputeChange: NS (ITER=1) (NRM,RELC): (  38.637591     0.28378847E-07 ) :: partial update
ComputeNormalSolver: Computing Normal Vector for Nodes
ComputeNormalSolver: End
SolveEquations: -------------------------------------
SolveEquations:  Coupled system iteration:            1
SolveEquations: -------------------------------------
SeaPressure: Variable Sea level not found. Setting to 0.0
Update Periodic Nodes for: fwater 1: Start
UpdatePeriodicNodes: All Done
Update Periodic Nodes for: fwater 2: Start
UpdatePeriodicNodes: All Done
Update Periodic Nodes for: fwater 3: Start
UpdatePeriodicNodes: All Done
GetHydrostaticLoads: End
ComputeChange: SS (ITER=1) (NRM,RELC): (  2537324.7     0.26792046E-06 ) :: fw
GroundedSolver: Computing grounded mask from geometry
ComputeChange: SS (ITER=1) (NRM,RELC): ( 0.99892876     0.14326655E-02 ) :: groundedmask
ComputeChange: NS (ITER=1) (NRM,RELC): (  855.27973     0.90027716     ) :: stokes-vec
ComputeChange: NS (ITER=2) (NRM,RELC): (  491.80380     0.53964868     ) :: stokes-vec
ComputeChange: NS (ITER=3) (NRM,RELC): (  430.81366     0.13221112     ) :: stokes-vec
ComputeChange: NS (ITER=4) (NRM,RELC): (  422.75972     0.18871104E-01 ) :: stokes-vec
ComputeChange: NS (ITER=5) (NRM,RELC): (  421.60938     0.27247326E-02 ) :: stokes-vec
ComputeChange: NS (ITER=6) (NRM,RELC): (  421.39935     0.49827409E-03 ) :: stokes-vec
SlidCoef_Contact: FLOW SOLVER HAS SLIGHTLY CONVERGED: look for new basal conditions
ComputeChange: NS (ITER=7) (NRM,RELC): (  1526.6412      1.1347216     ) :: stokes-vec
ComputeChange: NS (ITER=8) (NRM,RELC): (  2000.3291     0.26860898     ) :: stokes-vec
ComputeChange: NS (ITER=9) (NRM,RELC): (  2159.6527     0.76598202E-01 ) :: stokes-vec
ComputeChange: NS (ITER=10) (NRM,RELC): (  2212.8698     0.24341621E-01 ) :: stokes-vec
ComputeChange: SS (ITER=1) (NRM,RELC): (  2212.8698     0.19130605E-01 ) :: stokes-vec
ComputeChange: NS (ITER=1) (NRM,RELC): (  20.196222     0.24805573E-01 ) :: deformationalheat
ComputeChange: SS (ITER=1) (NRM,RELC): (  20.196222     0.24805573E-01 ) :: deformationalheat
ComputeChange: NS (ITER=1) (NRM,RELC): (  275.14464     0.31745996E-05 ) :: homologous temperature equation
ComputeChange: SS (ITER=1) (NRM,RELC): (  275.14467     0.46858289E-07 ) :: homologous temperature equation
ComputeChange: NS (ITER=1) (NRM,RELC): (  8.2591518      1.9044823     ) :: stresssolver
ComputeChange: NS (ITER=2) (NRM,RELC): (  8.2408428     0.22192717E-02 ) :: stresssolver
ComputeChange: NS (ITER=3) (NRM,RELC): (  8.2351146     0.69534166E-03 ) :: stresssolver
ComputeChange: NS (ITER=4) (NRM,RELC): ( 0.19745833E-10  2.0000000     ) :: stresssolver
ComputeChange: NS (ITER=5) (NRM,RELC): ( 0.13246033E-10 0.39402436     ) :: stresssolver
ComputeChange: NS (ITER=6) (NRM,RELC): ( 0.19998460      2.0000000     ) :: stresssolver
ComputeChange: SS (ITER=1) (NRM,RELC): ( 0.19998460     0.10267832E-01 ) :: stresssolver
SolveEquations: -------------------------------------
SolveEquations:  Coupled system iteration:            2
SolveEquations: -------------------------------------
Update Periodic Nodes for: fwater 1: Start
UpdatePeriodicNodes: All Done
Update Periodic Nodes for: fwater 2: Start
UpdatePeriodicNodes: All Done
Update Periodic Nodes for: fwater 3: Start
UpdatePeriodicNodes: All Done
GetHydrostaticLoads: End
ComputeChange: SS (ITER=2) (NRM,RELC): (  2537324.7      0.0000000     ) :: fw
GroundedSolver: Computing grounded mask from geometry
ComputeChange: SS (ITER=2) (NRM,RELC): ( 0.99892876      0.0000000     ) :: groundedmask
ComputeChange: NS (ITER=1) (NRM,RELC): (  837.78482     0.90150158     ) :: stokes-vec
ComputeChange: NS (ITER=2) (NRM,RELC): (  485.57223     0.53230168     ) :: stokes-vec
ComputeChange: NS (ITER=3) (NRM,RELC): (  428.94113     0.12384969     ) :: stokes-vec
ComputeChange: NS (ITER=4) (NRM,RELC): (  422.17988     0.15887871E-01 ) :: stokes-vec
ComputeChange: NS (ITER=5) (NRM,RELC): (  421.42183     0.17971732E-02 ) :: stokes-vec
ComputeChange: NS (ITER=6) (NRM,RELC): (  421.33748     0.20018837E-03 ) :: stokes-vec
ComputeChange: NS (ITER=7) (NRM,RELC): (  421.32810     0.22263474E-04 ) :: stokes-vec
ComputeChange: NS (ITER=8) (NRM,RELC): (  421.32703     0.25311071E-05 ) :: stokes-vec
ComputeChange: SS (ITER=2) (NRM,RELC): (  421.32703      1.3602194     ) :: stokes-vec
ComputeChange: NS (ITER=1) (NRM,RELC): ( 0.16175078      1.9682187     ) :: deformationalheat
ComputeChange: SS (ITER=2) (NRM,RELC): ( 0.16175078      1.9682187     ) :: deformationalheat
ComputeChange: NS (ITER=1) (NRM,RELC): (  275.14463     0.26454844E-05 ) :: homologous temperature equation
ComputeChange: SS (ITER=2) (NRM,RELC): (  275.14466     0.39056224E-07 ) :: homologous temperature equation
ComputeChange: NS (ITER=1) (NRM,RELC): (  8.1282816      1.9039490     ) :: stresssolver
ComputeChange: NS (ITER=2) (NRM,RELC): (  8.1303928     0.25970141E-03 ) :: stresssolver
ComputeChange: NS (ITER=3) (NRM,RELC): (  8.1330128     0.32220524E-03 ) :: stresssolver
ComputeChange: NS (ITER=4) (NRM,RELC): ( 0.19698220E-10  2.0000000     ) :: stresssolver
ComputeChange: NS (ITER=5) (NRM,RELC): ( 0.11469722E-10 0.52801035     ) :: stresssolver
ComputeChange: NS (ITER=6) (NRM,RELC): ( 0.83308747E-01  2.0000000     ) :: stresssolver
ComputeChange: SS (ITER=2) (NRM,RELC): ( 0.83308747E-01 0.82371050     ) :: stresssolver
SolveEquations: -------------------------------------
SolveEquations:  Coupled system iteration:            3
SolveEquations: -------------------------------------
Update Periodic Nodes for: fwater 1: Start
UpdatePeriodicNodes: All Done
Update Periodic Nodes for: fwater 2: Start
UpdatePeriodicNodes: All Done
Update Periodic Nodes for: fwater 3: Start
UpdatePeriodicNodes: All Done
GetHydrostaticLoads: End
ComputeChange: SS (ITER=3) (NRM,RELC): (  2537324.7      0.0000000     ) :: fw
GroundedSolver: Computing grounded mask from geometry
ComputeChange: SS (ITER=3) (NRM,RELC): ( 0.99892876      0.0000000     ) :: groundedmask
ComputeChange: NS (ITER=1) (NRM,RELC): (  421.32694     0.21057102E-06 ) :: stokes-vec
ComputeChange: SS (ITER=3) (NRM,RELC): (  421.32694     0.21057102E-06 ) :: stokes-vec
ComputeChange: NS (ITER=1) (NRM,RELC): ( 0.16175078     0.17180575E-10 ) :: deformationalheat
ComputeChange: SS (ITER=3) (NRM,RELC): ( 0.16175078     0.17180575E-10 ) :: deformationalheat
ComputeChange: NS (ITER=1) (NRM,RELC): (  275.14463     0.22045704E-05 ) :: homologous temperature equation
ComputeChange: SS (ITER=3) (NRM,RELC): (  275.14465     0.32546268E-07 ) :: homologous temperature equation
ComputeChange: NS (ITER=1) (NRM,RELC): (  8.1282817      1.9594189     ) :: stresssolver
ComputeChange: NS (ITER=2) (NRM,RELC): (  8.1303929     0.25969957E-03 ) :: stresssolver
ComputeChange: NS (ITER=3) (NRM,RELC): (  8.1330130     0.32220359E-03 ) :: stresssolver
ComputeChange: NS (ITER=4) (NRM,RELC): ( 0.19697415E-10  2.0000000     ) :: stresssolver
ComputeChange: NS (ITER=5) (NRM,RELC): ( 0.11479459E-10 0.52718281     ) :: stresssolver
ComputeChange: NS (ITER=6) (NRM,RELC): ( 0.83308749E-01  2.0000000     ) :: stresssolver
ComputeChange: SS (ITER=3) (NRM,RELC): ( 0.83308749E-01 0.16570306E-07 ) :: stresssolver
       1 0.8388E-10
       1 0.8388E-10
ComputeChange: NS (ITER=1) (NRM,RELC): (  200.60880     0.67793377E-08 ) :: free surface sea/shelf
       1 0.9774E-11
       1 0.9774E-11
ComputeChange: NS (ITER=1) (NRM,RELC): (  1098.7701     0.14467634E-10 ) :: free surface top
ComputeChange: NS (ITER=1) (NRM,RELC): ( 0.10000000E-03  0.0000000     ) :: sheet solver water sheet thickness
MAIN: 
MAIN: -------------------------------------
MAIN: Time: 3/110:   3.000E-08
MAIN: Estimated time left: 32.2 minutes
MAIN: -------------------------------------
MAIN: 
BiCGStabl:        4 0.6843E-12 0.6751E-12
ComputeChange: NS (ITER=1) (NRM,RELC): (  38.637591     0.30638713E-08 ) :: partial update
ComputeNormalSolver: Computing Normal Vector for Nodes
ComputeNormalSolver: End
SolveEquations: -------------------------------------
SolveEquations:  Coupled system iteration:            1
SolveEquations: -------------------------------------
SeaPressure: Variable Sea level not found. Setting to 0.0
Update Periodic Nodes for: fwater 1: Start
UpdatePeriodicNodes: All Done
Update Periodic Nodes for: fwater 2: Start
UpdatePeriodicNodes: All Done
Update Periodic Nodes for: fwater 3: Start
UpdatePeriodicNodes: All Done
GetHydrostaticLoads: End
ComputeChange: SS (ITER=1) (NRM,RELC): (  2537324.7     0.27081538E-09 ) :: fw
GroundedSolver: Computing grounded mask from geometry
ComputeChange: SS (ITER=1) (NRM,RELC): ( 0.99892876      0.0000000     ) :: groundedmask
ComputeChange: NS (ITER=1) (NRM,RELC): (  407.98228     0.32182594E-01 ) :: stokes-vec
ComputeChange: NS (ITER=2) (NRM,RELC): (  404.33559     0.89784817E-02 ) :: stokes-vec
ComputeChange: NS (ITER=3) (NRM,RELC): (  403.21285     0.27806265E-02 ) :: stokes-vec
ComputeChange: NS (ITER=4) (NRM,RELC): (  402.84904     0.90267380E-03 ) :: stokes-vec
SlidCoef_Contact: FLOW SOLVER HAS SLIGHTLY CONVERGED: look for new basal conditions
ComputeChange: NS (ITER=5) (NRM,RELC): (  402.72894     0.29818112E-03 ) :: stokes-vec
ComputeChange: NS (ITER=6) (NRM,RELC): (  402.68903     0.99085399E-04 ) :: stokes-vec
ComputeChange: NS (ITER=7) (NRM,RELC): (  402.67574     0.33005450E-04 ) :: stokes-vec
ComputeChange: NS (ITER=8) (NRM,RELC): (  402.67133     0.10970055E-04 ) :: stokes-vec
ComputeChange: NS (ITER=9) (NRM,RELC): (  402.66984     0.36910368E-05 ) :: stokes-vec
ComputeChange: SS (ITER=1) (NRM,RELC): (  402.66984     0.45284408E-01 ) :: stokes-vec
ComputeChange: NS (ITER=1) (NRM,RELC): ( 0.16175078     0.33423425E-07 ) :: deformationalheat
ComputeChange: SS (ITER=1) (NRM,RELC): ( 0.16175078     0.33423425E-07 ) :: deformationalheat
ComputeChange: NS (ITER=1) (NRM,RELC): (  275.14462     0.18371685E-05 ) :: homologous temperature equation
ComputeChange: SS (ITER=1) (NRM,RELC): (  275.14464     0.27136978E-07 ) :: homologous temperature equation
ComputeChange: NS (ITER=1) (NRM,RELC): (  8.1282807      1.9594189     ) :: stresssolver
ComputeChange: NS (ITER=2) (NRM,RELC): (  8.1303924     0.25976376E-03 ) :: stresssolver
ComputeChange: NS (ITER=3) (NRM,RELC): (  8.1330130     0.32226941E-03 ) :: stresssolver
ComputeChange: NS (ITER=4) (NRM,RELC): ( 0.20973230E-10  2.0000000     ) :: stresssolver
ComputeChange: NS (ITER=5) (NRM,RELC): ( 0.12852129E-09  1.4388228     ) :: stresssolver
ComputeChange: NS (ITER=6) (NRM,RELC): ( 0.83308717E-01  2.0000000     ) :: stresssolver
ComputeChange: SS (ITER=1) (NRM,RELC): ( 0.83308717E-01 0.38172314E-06 ) :: stresssolver
SolveEquations: -------------------------------------
SolveEquations:  Coupled system iteration:            2
SolveEquations: -------------------------------------
Update Periodic Nodes for: fwater 1: Start
UpdatePeriodicNodes: All Done
Update Periodic Nodes for: fwater 2: Start
UpdatePeriodicNodes: All Done
Update Periodic Nodes for: fwater 3: Start
UpdatePeriodicNodes: All Done
GetHydrostaticLoads: End
ComputeChange: SS (ITER=2) (NRM,RELC): (  2537324.7      0.0000000     ) :: fw
GroundedSolver: Computing grounded mask from geometry
ComputeChange: SS (ITER=2) (NRM,RELC): ( 0.99892876      0.0000000     ) :: groundedmask
ComputeChange: NS (ITER=1) (NRM,RELC): (  402.66935     0.12164128E-05 ) :: stokes-vec
ComputeChange: SS (ITER=2) (NRM,RELC): (  402.66935     0.12164128E-05 ) :: stokes-vec
ComputeChange: NS (ITER=1) (NRM,RELC): ( 0.16175078      0.0000000     ) :: deformationalheat
ComputeChange: SS (ITER=2) (NRM,RELC): ( 0.16175078      0.0000000     ) :: deformationalheat
ComputeChange: NS (ITER=1) (NRM,RELC): (  275.14462     0.15309737E-05 ) :: homologous temperature equation
ComputeChange: SS (ITER=2) (NRM,RELC): (  275.14463     0.22613863E-07 ) :: homologous temperature equation
ComputeChange: NS (ITER=1) (NRM,RELC): (  8.1282807      1.9594190     ) :: stresssolver
ComputeChange: NS (ITER=2) (NRM,RELC): (  8.1303924     0.25976372E-03 ) :: stresssolver
ComputeChange: NS (ITER=3) (NRM,RELC): (  8.1330130     0.32226937E-03 ) :: stresssolver
ComputeChange: NS (ITER=4) (NRM,RELC): ( 0.20967901E-10  2.0000000     ) :: stresssolver
ComputeChange: NS (ITER=5) (NRM,RELC): ( 0.12857477E-09  1.4391460     ) :: stresssolver
ComputeChange: NS (ITER=6) (NRM,RELC): ( 0.83308717E-01  2.0000000     ) :: stresssolver
ComputeChange: SS (ITER=2) (NRM,RELC): ( 0.83308717E-01 0.27173130E-10 ) :: stresssolver
       1 0.2107E-09
       1 0.2107E-09
ComputeChange: NS (ITER=1) (NRM,RELC): (  200.60880     0.19109640E-08 ) :: free surface sea/shelf
       1 0.7663E-11
       1 0.7663E-11
ComputeChange: NS (ITER=1) (NRM,RELC): (  1098.7701     0.12524517E-10 ) :: free surface top
ComputeChange: NS (ITER=1) (NRM,RELC): ( 0.10000000E-03  0.0000000     ) :: sheet solver water sheet thickness
MAIN: 
MAIN: -------------------------------------
MAIN: Time: 4/110:   4.000E-08
MAIN: Estimated time left: 18.0 minutes
MAIN: -------------------------------------
MAIN: 
BiCGStabl:        4 0.7614E-12 0.7513E-12
ComputeChange: NS (ITER=1) (NRM,RELC): (  38.637591     0.31643908E-08 ) :: partial update
ComputeNormalSolver: Computing Normal Vector for Nodes
ComputeNormalSolver: End
SolveEquations: -------------------------------------
SolveEquations:  Coupled system iteration:            1
SolveEquations: -------------------------------------
SeaPressure: Variable Sea level not found. Setting to 0.0
Update Periodic Nodes for: fwater 1: Start
UpdatePeriodicNodes: All Done
Update Periodic Nodes for: fwater 2: Start
UpdatePeriodicNodes: All Done
Update Periodic Nodes for: fwater 3: Start
UpdatePeriodicNodes: All Done
GetHydrostaticLoads: End
ComputeChange: SS (ITER=1) (NRM,RELC): (  2537324.7     0.90572101E-10 ) :: fw
GroundedSolver: Computing grounded mask from geometry
ComputeChange: SS (ITER=1) (NRM,RELC): ( 0.99892876      0.0000000     ) :: groundedmask
ComputeChange: NS (ITER=1) (NRM,RELC): (  396.69802     0.14940140E-01 ) :: stokes-vec
ComputeChange: NS (ITER=2) (NRM,RELC): (  394.95953     0.43920179E-02 ) :: stokes-vec
ComputeChange: NS (ITER=3) (NRM,RELC): (  394.40859     0.13958997E-02 ) :: stokes-vec
ComputeChange: NS (ITER=4) (NRM,RELC): (  394.22814     0.45764356E-03 ) :: stokes-vec
SlidCoef_Contact: FLOW SOLVER HAS SLIGHTLY CONVERGED: look for new basal conditions
ComputeChange: NS (ITER=5) (NRM,RELC): (  394.16834     0.15169595E-03 ) :: stokes-vec
ComputeChange: NS (ITER=6) (NRM,RELC): (  394.14845     0.50466259E-04 ) :: stokes-vec
ComputeChange: NS (ITER=7) (NRM,RELC): (  394.14183     0.16796163E-04 ) :: stokes-vec
ComputeChange: NS (ITER=8) (NRM,RELC): (  394.13961     0.56095830E-05 ) :: stokes-vec
ComputeChange: SS (ITER=1) (NRM,RELC): (  394.13961     0.21409737E-01 ) :: stokes-vec
ComputeChange: NS (ITER=1) (NRM,RELC): ( 0.16175077     0.28053723E-07 ) :: deformationalheat
ComputeChange: SS (ITER=1) (NRM,RELC): ( 0.16175077     0.28053723E-07 ) :: deformationalheat
ComputeChange: NS (ITER=1) (NRM,RELC): (  275.14462     0.12758114E-05 ) :: homologous temperature equation
ComputeChange: SS (ITER=1) (NRM,RELC): (  275.14463     0.18845176E-07 ) :: homologous temperature equation
ComputeChange: NS (ITER=1) (NRM,RELC): (  8.1282801      1.9594190     ) :: stresssolver
ComputeChange: NS (ITER=2) (NRM,RELC): (  8.1303921     0.25980456E-03 ) :: stresssolver
ComputeChange: NS (ITER=3) (NRM,RELC): (  8.1330130     0.32231114E-03 ) :: stresssolver
ComputeChange: NS (ITER=4) (NRM,RELC): ( 0.30986513E-10  2.0000000     ) :: stresssolver
ComputeChange: NS (ITER=5) (NRM,RELC): ( 0.22260044E-09  1.5112286     ) :: stresssolver
ComputeChange: NS (ITER=6) (NRM,RELC): ( 0.83308692E-01  2.0000000     ) :: stresssolver
ComputeChange: SS (ITER=1) (NRM,RELC): ( 0.83308692E-01 0.29704593E-06 ) :: stresssolver
SolveEquations: -------------------------------------
SolveEquations:  Coupled system iteration:            2
SolveEquations: -------------------------------------
Update Periodic Nodes for: fwater 1: Start
UpdatePeriodicNodes: All Done
Update Periodic Nodes for: fwater 2: Start
UpdatePeriodicNodes: All Done
Update Periodic Nodes for: fwater 3: Start
UpdatePeriodicNodes: All Done
GetHydrostaticLoads: End
ComputeChange: SS (ITER=2) (NRM,RELC): (  2537324.7      0.0000000     ) :: fw
GroundedSolver: Computing grounded mask from geometry
ComputeChange: SS (ITER=2) (NRM,RELC): ( 0.99892876      0.0000000     ) :: groundedmask
ComputeChange: NS (ITER=1) (NRM,RELC): (  394.13887     0.18872707E-05 ) :: stokes-vec
ComputeChange: SS (ITER=2) (NRM,RELC): (  394.13887     0.18872707E-05 ) :: stokes-vec
ComputeChange: NS (ITER=1) (NRM,RELC): ( 0.16175077      0.0000000     ) :: deformationalheat
ComputeChange: SS (ITER=2) (NRM,RELC): ( 0.16175077      0.0000000     ) :: deformationalheat
ComputeChange: NS (ITER=1) (NRM,RELC): (  275.14462     0.10631762E-05 ) :: homologous temperature equation
ComputeChange: SS (ITER=2) (NRM,RELC): (  275.14462     0.15704176E-07 ) :: homologous temperature equation
ComputeChange: NS (ITER=1) (NRM,RELC): (  8.1282801      1.9594190     ) :: stresssolver
ComputeChange: NS (ITER=2) (NRM,RELC): (  8.1303921     0.25980453E-03 ) :: stresssolver
ComputeChange: NS (ITER=3) (NRM,RELC): (  8.1330130     0.32231112E-03 ) :: stresssolver
ComputeChange: NS (ITER=4) (NRM,RELC): ( 0.30979964E-10  2.0000000     ) :: stresssolver
ComputeChange: NS (ITER=5) (NRM,RELC): ( 0.22284327E-09  1.5117868     ) :: stresssolver
ComputeChange: NS (ITER=6) (NRM,RELC): ( 0.83308692E-01  2.0000000     ) :: stresssolver
ComputeChange: SS (ITER=2) (NRM,RELC): ( 0.83308692E-01 0.40621194E-10 ) :: stresssolver
       1 0.1960E-09
       1 0.1960E-09
ComputeChange: NS (ITER=1) (NRM,RELC): (  200.60880     0.15957493E-08 ) :: free surface sea/shelf
       1 0.6520E-11
       1 0.6520E-11
ComputeChange: NS (ITER=1) (NRM,RELC): (  1098.7701     0.11581929E-10 ) :: free surface top
ComputeChange: NS (ITER=1) (NRM,RELC): ( 0.10000000E-03  0.0000000     ) :: sheet solver water sheet thickness
MAIN: 
MAIN: -------------------------------------
MAIN: Time: 5/110:   5.000E-08
MAIN: Estimated time left: 16.4 minutes
MAIN: -------------------------------------
MAIN: 
BiCGStabl:        3 0.8695E-12 0.8579E-12
ComputeChange: NS (ITER=1) (NRM,RELC): (  38.637591     0.23515567E-08 ) :: partial update
ComputeNormalSolver: Computing Normal Vector for Nodes
ComputeNormalSolver: End
SolveEquations: -------------------------------------
SolveEquations:  Coupled system iteration:            1
SolveEquations: -------------------------------------
SeaPressure: Variable Sea level not found. Setting to 0.0
Update Periodic Nodes for: fwater 1: Start
UpdatePeriodicNodes: All Done
Update Periodic Nodes for: fwater 2: Start
UpdatePeriodicNodes: All Done
Update Periodic Nodes for: fwater 3: Start
UpdatePeriodicNodes: All Done
GetHydrostaticLoads: End
ComputeChange: SS (ITER=1) (NRM,RELC): (  2537324.7     0.75036751E-10 ) :: fw
GroundedSolver: Computing grounded mask from geometry
ComputeChange: SS (ITER=1) (NRM,RELC): ( 0.99964305     0.71479637E-03 ) :: groundedmask
ComputeChange: NS (ITER=1) (NRM,RELC): (  390.25813     0.98948469E-02 ) :: stokes-vec
ComputeChange: NS (ITER=2) (NRM,RELC): (  389.17674     0.27747877E-02 ) :: stokes-vec
ComputeChange: NS (ITER=3) (NRM,RELC): (  388.84017     0.86521507E-03 ) :: stokes-vec
SlidCoef_Contact: FLOW SOLVER HAS SLIGHTLY CONVERGED: look for new basal conditions
ComputeChange: NS (ITER=4) (NRM,RELC): (  388.98267     0.36640904E-03 ) :: stokes-vec
ComputeChange: NS (ITER=5) (NRM,RELC): (  389.12645     0.36956149E-03 ) :: stokes-vec
ComputeChange: NS (ITER=6) (NRM,RELC): (  389.18505     0.15059484E-03 ) :: stokes-vec
ComputeChange: NS (ITER=7) (NRM,RELC): (  389.20578     0.53254818E-04 ) :: stokes-vec
ComputeChange: NS (ITER=8) (NRM,RELC): (  389.21282     0.18091132E-04 ) :: stokes-vec
ComputeChange: NS (ITER=9) (NRM,RELC): (  389.21518     0.60602843E-05 ) :: stokes-vec
ComputeChange: SS (ITER=1) (NRM,RELC): (  389.21518     0.12570795E-01 ) :: stokes-vec
ComputeChange: NS (ITER=1) (NRM,RELC): ( 0.16132372     0.26437155E-02 ) :: deformationalheat
ComputeChange: SS (ITER=1) (NRM,RELC): ( 0.16132372     0.26437155E-02 ) :: deformationalheat
ComputeChange: NS (ITER=1) (NRM,RELC): (  275.14461     0.88598017E-06 ) :: homologous temperature equation
ComputeChange: SS (ITER=1) (NRM,RELC): (  275.14462     0.13087360E-07 ) :: homologous temperature equation
ComputeChange: NS (ITER=1) (NRM,RELC): (  8.1282472      1.9594188     ) :: stresssolver
ComputeChange: NS (ITER=2) (NRM,RELC): (  8.1303571     0.25954404E-03 ) :: stresssolver
ComputeChange: NS (ITER=3) (NRM,RELC): (  8.1329747     0.32189303E-03 ) :: stresssolver
ComputeChange: NS (ITER=4) (NRM,RELC): ( 0.40235988E-10  2.0000000     ) :: stresssolver
ComputeChange: NS (ITER=5) (NRM,RELC): ( 0.30125890E-09  1.5287076     ) :: stresssolver
ComputeChange: NS (ITER=6) (NRM,RELC): ( 0.83200091E-01  2.0000000     ) :: stresssolver
ComputeChange: SS (ITER=1) (NRM,RELC): ( 0.83200091E-01 0.13044435E-02 ) :: stresssolver
SolveEquations: -------------------------------------
SolveEquations:  Coupled system iteration:            2
SolveEquations: -------------------------------------
Update Periodic Nodes for: fwater 1: Start
UpdatePeriodicNodes: All Done
Update Periodic Nodes for: fwater 2: Start
UpdatePeriodicNodes: All Done
Update Periodic Nodes for: fwater 3: Start
UpdatePeriodicNodes: All Done
GetHydrostaticLoads: End
ComputeChange: SS (ITER=2) (NRM,RELC): (  2537324.7      0.0000000     ) :: fw
GroundedSolver: Computing grounded mask from geometry
ComputeChange: SS (ITER=2) (NRM,RELC): ( 0.99964305      0.0000000     ) :: groundedmask
ComputeChange: NS (ITER=1) (NRM,RELC): (  388.73966     0.12224888E-02 ) :: stokes-vec
ComputeChange: NS (ITER=2) (NRM,RELC): (  388.68453     0.14182337E-03 ) :: stokes-vec
ComputeChange: NS (ITER=3) (NRM,RELC): (  388.67765     0.17690660E-04 ) :: stokes-vec
ComputeChange: NS (ITER=4) (NRM,RELC): (  388.67664     0.26007143E-05 ) :: stokes-vec
ComputeChange: SS (ITER=2) (NRM,RELC): (  388.67664     0.13846034E-02 ) :: stokes-vec
ComputeChange: NS (ITER=1) (NRM,RELC): ( 0.29134558E-03  1.9927891     ) :: deformationalheat
ComputeChange: SS (ITER=2) (NRM,RELC): ( 0.29134558E-03  1.9927891     ) :: deformationalheat
ComputeChange: NS (ITER=1) (NRM,RELC): (  275.14461     0.73831681E-06 ) :: homologous temperature equation
ComputeChange: SS (ITER=2) (NRM,RELC): (  275.14462     0.10906056E-07 ) :: homologous temperature equation
ComputeChange: NS (ITER=1) (NRM,RELC): (  8.1161053      1.9594112     ) :: stresssolver
ComputeChange: NS (ITER=2) (NRM,RELC): (  8.1173118     0.14865066E-03 ) :: stresssolver
ComputeChange: NS (ITER=3) (NRM,RELC): (  8.1185377     0.15100635E-03 ) :: stresssolver
ComputeChange: NS (ITER=4) (NRM,RELC): ( 0.40223578E-10  2.0000000     ) :: stresssolver
ComputeChange: NS (ITER=5) (NRM,RELC): ( 0.30119126E-09  1.5287425     ) :: stresssolver
ComputeChange: NS (ITER=6) (NRM,RELC): ( 0.96653264E-02  1.9999999     ) :: stresssolver
ComputeChange: SS (ITER=2) (NRM,RELC): ( 0.96653264E-02  1.5836846     ) :: stresssolver
SolveEquations: -------------------------------------
SolveEquations:  Coupled system iteration:            3
SolveEquations: -------------------------------------
Update Periodic Nodes for: fwater 1: Start
UpdatePeriodicNodes: All Done
Update Periodic Nodes for: fwater 2: Start
UpdatePeriodicNodes: All Done
Update Periodic Nodes for: fwater 3: Start
UpdatePeriodicNodes: All Done
GetHydrostaticLoads: End
ComputeChange: SS (ITER=3) (NRM,RELC): (  2537324.7      0.0000000     ) :: fw
GroundedSolver: Computing grounded mask from geometry
ComputeChange: SS (ITER=3) (NRM,RELC): ( 0.99964305      0.0000000     ) :: groundedmask
ComputeChange: NS (ITER=1) (NRM,RELC): (  388.67645     0.51036988E-06 ) :: stokes-vec
ComputeChange: SS (ITER=3) (NRM,RELC): (  388.67645     0.51036988E-06 ) :: stokes-vec
ComputeChange: NS (ITER=1) (NRM,RELC): ( 0.29016549E-03 0.40587255E-02 ) :: deformationalheat
ComputeChange: SS (ITER=3) (NRM,RELC): ( 0.29016549E-03 0.40587255E-02 ) :: deformationalheat
ComputeChange: NS (ITER=1) (NRM,RELC): (  275.14461     0.61526402E-06 ) :: homologous temperature equation
ComputeChange: SS (ITER=3) (NRM,RELC): (  275.14461     0.90883332E-08 ) :: homologous temperature equation
ComputeChange: NS (ITER=1) (NRM,RELC): (  8.1161039      1.9952421     ) :: stresssolver
ComputeChange: NS (ITER=2) (NRM,RELC): (  8.1173102     0.14861740E-03 ) :: stresssolver
ComputeChange: NS (ITER=3) (NRM,RELC): (  8.1185357     0.15096520E-03 ) :: stresssolver
ComputeChange: NS (ITER=4) (NRM,RELC): ( 0.40232022E-10  2.0000000     ) :: stresssolver
ComputeChange: NS (ITER=5) (NRM,RELC): ( 0.30124387E-09  1.5287278     ) :: stresssolver
ComputeChange: NS (ITER=6) (NRM,RELC): ( 0.96174010E-02  1.9999999     ) :: stresssolver
ComputeChange: SS (ITER=3) (NRM,RELC): ( 0.96174010E-02 0.49708091E-02 ) :: stresssolver
       1 0.5847E-10
       1 0.5847E-10
ComputeChange: NS (ITER=1) (NRM,RELC): (  200.60880     0.58830185E-08 ) :: free surface sea/shelf
       1 0.5809E-11
       1 0.5809E-11
ComputeChange: NS (ITER=1) (NRM,RELC): (  1098.7701     0.42483698E-11 ) :: free surface top
ComputeChange: NS (ITER=1) (NRM,RELC): ( 0.10000000E-03  0.0000000     ) :: sheet solver water sheet thickness
MAIN: 
MAIN: -------------------------------------
MAIN: Time: 6/110:   1.001E-04
MAIN: Estimated time left: 23.5 minutes
MAIN: -------------------------------------
MAIN: 
BiCGStabl:        3 0.9987E-12 0.9853E-12
ComputeChange: NS (ITER=1) (NRM,RELC): (  38.637591     0.10186000E-10 ) :: partial update
ComputeNormalSolver: Computing Normal Vector for Nodes
ComputeNormalSolver: End
SolveEquations: -------------------------------------
SolveEquations:  Coupled system iteration:            1
SolveEquations: -------------------------------------
SeaPressure: Variable Sea level not found. Setting to 0.0
Update Periodic Nodes for: fwater 1: Start
UpdatePeriodicNodes: All Done
Update Periodic Nodes for: fwater 2: Start
UpdatePeriodicNodes: All Done
Update Periodic Nodes for: fwater 3: Start
UpdatePeriodicNodes: All Done
GetHydrostaticLoads: End
ComputeChange: SS (ITER=1) (NRM,RELC): (  2537324.7     0.27427317E-09 ) :: fw
GroundedSolver: Computing grounded mask from geometry
ComputeChange: SS (ITER=1) (NRM,RELC): ( 0.99964305      0.0000000     ) :: groundedmask
ComputeChange: NS (ITER=1) (NRM,RELC): (  371.24865     0.45867135E-01 ) :: stokes-vec
ComputeChange: NS (ITER=2) (NRM,RELC): (  369.09677     0.58131932E-02 ) :: stokes-vec
ComputeChange: NS (ITER=3) (NRM,RELC): (  368.80194     0.79908905E-03 ) :: stokes-vec
SlidCoef_Contact: FLOW SOLVER HAS SLIGHTLY CONVERGED: look for new basal conditions
ComputeChange: NS (ITER=4) (NRM,RELC): (  368.75085     0.13854685E-03 ) :: stokes-vec
ComputeChange: NS (ITER=5) (NRM,RELC): (  368.73907     0.31958413E-04 ) :: stokes-vec
ComputeChange: NS (ITER=6) (NRM,RELC): (  368.73572     0.90716827E-05 ) :: stokes-vec
ComputeChange: SS (ITER=1) (NRM,RELC): (  368.73572     0.52654884E-01 ) :: stokes-vec
ComputeChange: NS (ITER=1) (NRM,RELC): ( 0.24637844E-03 0.16321886     ) :: deformationalheat
ComputeChange: SS (ITER=1) (NRM,RELC): ( 0.24637844E-03 0.16321886     ) :: deformationalheat
ComputeChange: NS (ITER=1) (NRM,RELC): (  275.14461     0.51334642E-06 ) :: homologous temperature equation
ComputeChange: SS (ITER=1) (NRM,RELC): (  275.14461     0.84044839E-08 ) :: homologous temperature equation
ComputeChange: NS (ITER=1) (NRM,RELC): (  8.1160977      1.9952657     ) :: stresssolver
ComputeChange: NS (ITER=2) (NRM,RELC): (  8.1173068     0.14897053E-03 ) :: stresssolver
ComputeChange: NS (ITER=3) (NRM,RELC): (  8.1185352     0.15131945E-03 ) :: stresssolver
ComputeChange: NS (ITER=4) (NRM,RELC): ( 0.48736220E-10  2.0000000     ) :: stresssolver
ComputeChange: NS (ITER=5) (NRM,RELC): ( 0.36992587E-09  1.5343622     ) :: stresssolver
ComputeChange: NS (ITER=6) (NRM,RELC): ( 0.96015552E-02  1.9999998     ) :: stresssolver
ComputeChange: SS (ITER=1) (NRM,RELC): ( 0.96015552E-02 0.16489794E-02 ) :: stresssolver
SolveEquations: -------------------------------------
SolveEquations:  Coupled system iteration:            2
SolveEquations: -------------------------------------
Update Periodic Nodes for: fwater 1: Start
UpdatePeriodicNodes: All Done
Update Periodic Nodes for: fwater 2: Start
UpdatePeriodicNodes: All Done
Update Periodic Nodes for: fwater 3: Start
UpdatePeriodicNodes: All Done
GetHydrostaticLoads: End
ComputeChange: SS (ITER=2) (NRM,RELC): (  2537324.7      0.0000000     ) :: fw
GroundedSolver: Computing grounded mask from geometry
ComputeChange: SS (ITER=2) (NRM,RELC): ( 0.99964305      0.0000000     ) :: groundedmask
ComputeChange: NS (ITER=1) (NRM,RELC): (  368.73467     0.28482186E-05 ) :: stokes-vec
ComputeChange: SS (ITER=2) (NRM,RELC): (  368.73467     0.28482186E-05 ) :: stokes-vec
ComputeChange: NS (ITER=1) (NRM,RELC): ( 0.24635510E-03 0.94738345E-04 ) :: deformationalheat
ComputeChange: SS (ITER=2) (NRM,RELC): ( 0.24635510E-03 0.94738345E-04 ) :: deformationalheat
ComputeChange: NS (ITER=1) (NRM,RELC): (  275.14461     0.42777346E-06 ) :: homologous temperature equation
ComputeChange: SS (ITER=2) (NRM,RELC): (  275.14461     0.69691153E-08 ) :: homologous temperature equation
ComputeChange: NS (ITER=1) (NRM,RELC): (  8.1160977      1.9952735     ) :: stresssolver
ComputeChange: NS (ITER=2) (NRM,RELC): (  8.1173068     0.14897082E-03 ) :: stresssolver
ComputeChange: NS (ITER=3) (NRM,RELC): (  8.1185352     0.15131976E-03 ) :: stresssolver
ComputeChange: NS (ITER=4) (NRM,RELC): ( 0.48747618E-10  2.0000000     ) :: stresssolver
ComputeChange: NS (ITER=5) (NRM,RELC): ( 0.36999068E-09  1.5343381     ) :: stresssolver
ComputeChange: NS (ITER=6) (NRM,RELC): ( 0.96015467E-02  1.9999998     ) :: stresssolver
ComputeChange: SS (ITER=2) (NRM,RELC): ( 0.96015467E-02 0.87999298E-06 ) :: stresssolver
       1 0.6603E-07
       1 0.6603E-07
ComputeChange: NS (ITER=1) (NRM,RELC): (  200.60889     0.44765341E-06 ) :: free surface sea/shelf
       1 0.1940E-08
       1 0.1940E-08
ComputeChange: NS (ITER=1) (NRM,RELC): (  1098.7701     0.31210643E-08 ) :: free surface top
ERROR:: IterSolve: Numerical Error: System diverged over maximum tolerance.
ERROR:: IterSolve: Numerical Error: System diverged over maximum tolerance.
ERROR:: IterSolve: Numerical Error: System diverged over maximum tolerance.
ERROR:: IterSolve: Numerical Error: System diverged over maximum tolerance.
ERROR:: IterSolve: Numerical Error: System diverged over maximum tolerance.
ERROR:: IterSolve: Numerical Error: System diverged over maximum tolerance.
ERROR:: IterSolve: Numerical Error: System diverged over maximum tolerance.
ERROR:: IterSolve: Numerical Error: System diverged over maximum tolerance.
ERROR:: IterSolve: Numerical Error: System diverged over maximum tolerance.
ERROR:: IterSolve: Numerical Error: System diverged over maximum tolerance.
ERROR:: IterSolve: Numerical Error: System diverged over maximum tolerance.
ERROR:: IterSolve: Numerical Error: System diverged over maximum tolerance.
ERROR:: IterSolve: Numerical Error: System diverged over maximum tolerance.
ERROR:: IterSolve: Numerical Error: System diverged over maximum tolerance.
ERROR:: IterSolve: Numerical Error: System diverged over maximum tolerance.
ERROR:: IterSolve: Numerical Error: System diverged over maximum tolerance.
ERROR:: IterSolve: Numerical Error: System diverged over maximum tolerance.
ERROR:: IterSolve: Numerical Error: System diverged over maximum tolerance.
ERROR:: IterSolve: Numerical Error: System diverged over maximum tolerance.
ERROR:: IterSolve: Numerical Error: System diverged over maximum tolerance.
ERROR:: IterSolve: Numerical Error: System diverged over maximum tolerance.
ERROR:: IterSolve: Numerical Error: System diverged over maximum tolerance.
ERROR:: IterSolve: Numerical Error: System diverged over maximum tolerance.
ERROR:: IterSolve: Numerical Error: System diverged over maximum tolerance.
ERROR:: IterSolve: Numerical Error: System diverged over maximum tolerance.
ERROR:: IterSolve: Numerical Error: System diverged over maximum tolerance.
ERROR:: IterSolve: Numerical Error: System diverged over maximum tolerance.
ERROR:: IterSolve: Numerical Error: System diverged over maximum tolerance.
ERROR:: IterSolve: Numerical Error: System diverged over maximum tolerance.
ERROR:: IterSolve: Numerical Error: System diverged over maximum tolerance.
ERROR:: IterSolve: Numerical Error: System diverged over maximum tolerance.
ERROR:: IterSolve: Numerical Error: System diverged over maximum tolerance.
ERROR:: IterSolve: Numerical Error: System diverged over maximum tolerance.
ERROR:: IterSolve: Numerical Error: System diverged over maximum tolerance.
ERROR:: IterSolve: Numerical Error: System diverged over maximum tolerance.
ERROR:: IterSolve: Numerical Error: System diverged over maximum tolerance.
ERROR:: IterSolve: Numerical Error: System diverged over maximum tolerance.
ERROR:: IterSolve: Numerical Error: System diverged over maximum tolerance.
ERROR:: IterSolve: Numerical Error: System diverged over maximum tolerance.
ERROR:: IterSolve: Numerical Error: System diverged over maximum tolerance.
ERROR:: IterSolve: Numerical Error: System diverged over maximum tolerance.
ERROR:: IterSolve: Numerical Error: System diverged over maximum tolerance.
ERROR:: IterSolve: Numerical Error: System diverged over maximum tolerance.
ERROR:: IterSolve: Numerical Error: System diverged over maximum tolerance.
ERROR:: IterSolve: Numerical Error: System diverged over maximum tolerance.
ERROR:: IterSolve: Numerical Error: System diverged over maximum tolerance.
ERROR:: IterSolve: Numerical Error: System diverged over maximum tolerance.
ERROR:: IterSolve: Numerical Error: System diverged over maximum tolerance.
ERROR:: IterSolve: Numerical Error: System diverged over maximum tolerance.
ERROR:: IterSolve: Numerical Error: System diverged over maximum tolerance.
ERROR:: IterSolve: Numerical Error: System diverged over maximum tolerance.
ERROR:: IterSolve: Numerical Error: System diverged over maximum tolerance.
ERROR:: IterSolve: Numerical Error: System diverged over maximum tolerance.
ERROR:: IterSolve: Numerical Error: System diverged over maximum tolerance.
ERROR:: IterSolve: Numerical Error: System diverged over maximum tolerance.
ERROR:: IterSolve: Numerical Error: System diverged over maximum tolerance.
ERROR:: IterSolve: Numerical Error: System diverged over maximum tolerance.
ERROR:: IterSolve: Numerical Error: System diverged over maximum tolerance.
ERROR:: IterSolve: Numerical Error: System diverged over maximum tolerance.
ERROR:: IterSolve: Numerical Error: System diverged over maximum tolerance.
ERROR:: IterSolve: Numerical Error: System diverged over maximum tolerance.
ERROR:: IterSolve: Numerical Error: System diverged over maximum tolerance.
ERROR:: IterSolve: Numerical Error: System diverged over maximum tolerance.
ERROR:: IterSolve: Numerical Error: System diverged over maximum tolerance.
