ELMER SOLVER (v 9.0) STARTED AT: 2026/05/13 17:14:23
ELMER SOLVER (v 9.0) STARTED AT: 2026/05/13 17:14:23
ELMER SOLVER (v 9.0) STARTED AT: 2026/05/13 17:14:23
ELMER SOLVER (v 9.0) STARTED AT: 2026/05/13 17:14:23
ELMER SOLVER (v 9.0) STARTED AT: 2026/05/13 17:14:23
ELMER SOLVER (v 9.0) STARTED AT: 2026/05/13 17:14:23
ELMER SOLVER (v 9.0) STARTED AT: 2026/05/13 17:14:23
ELMER SOLVER (v 9.0) STARTED AT: 2026/05/13 17:14:23
ELMER SOLVER (v 9.0) STARTED AT: 2026/05/13 17:14:23
ELMER SOLVER (v 9.0) STARTED AT: 2026/05/13 17:14:23
ELMER SOLVER (v 9.0) STARTED AT: 2026/05/13 17:14:23
ELMER SOLVER (v 9.0) STARTED AT: 2026/05/13 17:14:23
ELMER SOLVER (v 9.0) STARTED AT: 2026/05/13 17:14:23
ELMER SOLVER (v 9.0) STARTED AT: 2026/05/13 17:14:23
ELMER SOLVER (v 9.0) STARTED AT: 2026/05/13 17:14:23
ELMER SOLVER (v 9.0) STARTED AT: 2026/05/13 17:14:23
ELMER SOLVER (v 9.0) STARTED AT: 2026/05/13 17:14:23
ELMER SOLVER (v 9.0) STARTED AT: 2026/05/13 17:14:23
ELMER SOLVER (v 9.0) STARTED AT: 2026/05/13 17:14:23
ELMER SOLVER (v 9.0) STARTED AT: 2026/05/13 17:14:23
ELMER SOLVER (v 9.0) STARTED AT: 2026/05/13 17:14:23
ELMER SOLVER (v 9.0) STARTED AT: 2026/05/13 17:14:23
ELMER SOLVER (v 9.0) STARTED AT: 2026/05/13 17:14:23
ELMER SOLVER (v 9.0) STARTED AT: 2026/05/13 17:14:23
ELMER SOLVER (v 9.0) STARTED AT: 2026/05/13 17:14:23
ELMER SOLVER (v 9.0) STARTED AT: 2026/05/13 17:14:23
ELMER SOLVER (v 9.0) STARTED AT: 2026/05/13 17:14:23
ELMER SOLVER (v 9.0) STARTED AT: 2026/05/13 17:14:23
ELMER SOLVER (v 9.0) STARTED AT: 2026/05/13 17:14:23
ELMER SOLVER (v 9.0) STARTED AT: 2026/05/13 17:14:23
ELMER SOLVER (v 9.0) STARTED AT: 2026/05/13 17:14:23
ELMER SOLVER (v 9.0) STARTED AT: 2026/05/13 17:14:23
ELMER SOLVER (v 9.0) STARTED AT: 2026/05/13 17:14:23
ELMER SOLVER (v 9.0) STARTED AT: 2026/05/13 17:14:23
ELMER SOLVER (v 9.0) STARTED AT: 2026/05/13 17:14:23
ELMER SOLVER (v 9.0) STARTED AT: 2026/05/13 17:14:23
ELMER SOLVER (v 9.0) STARTED AT: 2026/05/13 17:14:23
ELMER SOLVER (v 9.0) STARTED AT: 2026/05/13 17:14:23
ELMER SOLVER (v 9.0) STARTED AT: 2026/05/13 17:14:23
ELMER SOLVER (v 9.0) STARTED AT: 2026/05/13 17:14:23
ELMER SOLVER (v 9.0) STARTED AT: 2026/05/13 17:14:23
ELMER SOLVER (v 9.0) STARTED AT: 2026/05/13 17:14:23
ELMER SOLVER (v 9.0) STARTED AT: 2026/05/13 17:14:23
ELMER SOLVER (v 9.0) STARTED AT: 2026/05/13 17:14:23
ELMER SOLVER (v 9.0) STARTED AT: 2026/05/13 17:14:23
ELMER SOLVER (v 9.0) STARTED AT: 2026/05/13 17:14:23
ELMER SOLVER (v 9.0) STARTED AT: 2026/05/13 17:14:23
ELMER SOLVER (v 9.0) STARTED AT: 2026/05/13 17:14:23
ELMER SOLVER (v 9.0) STARTED AT: 2026/05/13 17:14:23
ELMER SOLVER (v 9.0) STARTED AT: 2026/05/13 17:14:23
ELMER SOLVER (v 9.0) STARTED AT: 2026/05/13 17:14:23
ELMER SOLVER (v 9.0) STARTED AT: 2026/05/13 17:14:23
ELMER SOLVER (v 9.0) STARTED AT: 2026/05/13 17:14:23
ELMER SOLVER (v 9.0) STARTED AT: 2026/05/13 17:14:23
ELMER SOLVER (v 9.0) STARTED AT: 2026/05/13 17:14:23
ELMER SOLVER (v 9.0) STARTED AT: 2026/05/13 17:14:23
ELMER SOLVER (v 9.0) STARTED AT: 2026/05/13 17:14:23
ELMER SOLVER (v 9.0) STARTED AT: 2026/05/13 17:14:23
ELMER SOLVER (v 9.0) STARTED AT: 2026/05/13 17:14:23
ELMER SOLVER (v 9.0) STARTED AT: 2026/05/13 17:14:23
ELMER SOLVER (v 9.0) STARTED AT: 2026/05/13 17:14:23
ELMER SOLVER (v 9.0) STARTED AT: 2026/05/13 17:14:23
ELMER SOLVER (v 9.0) STARTED AT: 2026/05/13 17:14:23
ELMER SOLVER (v 9.0) STARTED AT: 2026/05/13 17:14:23
ParCommInit: Initialize #PEs: 64
ParCommInit: Initialize #PEs: 64
ParCommInit: Initialize #PEs: 64
MAIN: 
MAIN: =============================================================
MAIN: ElmerSolver finite element software, Welcome!
MAIN: This program is free software licensed under (L)GPL
MAIN: Copyright 1st April 1995 - , CSC - IT Center for Science Ltd.
MAIN: Webpage http://www.csc.fi/elmer, Email elmeradm@csc.fi
MAIN: Version: 9.0 (Rev: afd75d4, Compiled: 2025-09-26)
MAIN:  Running in parallel using 64 tasks.
MAIN:  Running with just one thread per task.
MAIN:  HYPRE library linked in.
ParCommInit: Initialize #PEs: 64
MAIN:  MUMPS library linked in.
MAIN:  MMG library linked in.
MAIN:  Lua interpreter linked in.
MAIN:  Zoltan library linked in.
MAIN: =============================================================
MAIN: 
MAIN: 
MAIN: -------------------------------------
MAIN: Reading Model: InitialiseVel.sif
LoadInputFile: Scanning input file: InitialiseVel.sif
LoadInputFile: Scanning only size info
LoadInputFile: First time visiting
LoadInputFile: Reading base load of sif file
CheckKeyword: Found keyword type assuming suffix 1 for: output variable 2
CheckKeyword: Found keyword type assuming suffix 1 for: output variable 2
CheckKeyword: Found keyword type assuming suffix 1 for: output variable 3
CheckKeyword: Found keyword type assuming suffix 1 for: output variable 3
CheckKeyword: Found keyword type assuming suffix 1 for: output variable 4
CheckKeyword: Found keyword type assuming suffix 1 for: output variable 4
CheckKeyword: Found keyword type assuming suffix 1 for: output variable 5
CheckKeyword: Found keyword type assuming suffix 1 for: output variable 5
CheckKeyword: Found keyword type assuming suffix 1 for: output variable 6
CheckKeyword: Found keyword type assuming suffix 1 for: output variable 6
CheckKeyword: Found keyword type assuming suffix 1 for: output variable 7
CheckKeyword: Found keyword type assuming suffix 1 for: output variable 7
CheckKeyword: Found keyword type assuming suffix 1 for: output variable 8
CheckKeyword: Found keyword type assuming suffix 1 for: output variable 8
CheckKeyword: Found keyword type assuming suffix 1 for: output variable 9
CheckKeyword: Found keyword type assuming suffix 1 for: output variable 9
CheckKeyword: Found keyword type assuming suffix 1 for: output variable 10
CheckKeyword: Found keyword type assuming suffix 1 for: output variable 10
OpenIncludeFile: Trying to include file: "Initialisation/Dimensional_ICs/bed_dim.xy"
OpenIncludeFile: Trying to include file: "Initialisation/Dimensional_ICs/Tb_dim.xy"
OpenIncludeFile: Trying to include file: "Initialisation/Dimensional_ICs/bed_dim.xy"
OpenIncludeFile: Trying to include file: "Initialisation/Dimensional_ICs/Tb_dim.xy"
OpenIncludeFile: Trying to include file: "Initialisation/Dimensional_ICs/bed_dim.xy"
OpenIncludeFile: Trying to include file: "Initialisation/Dimensional_ICs/Tb_dim.xy"
OpenIncludeFile: Trying to include file: "Initialisation/Dimensional_ICs/zb_dim.xy"
OpenIncludeFile: Trying to include file: "Initialisation/Dimensional_ICs/zb_dim.xy"
OpenIncludeFile: Trying to include file: "Initialisation/Dimensional_ICs/bed_dim.xy"
OpenIncludeFile: Trying to include file: "Initialisation/Dimensional_ICs/zs_dim.xy"
CheckKeyword: Found keyword type assuming suffix 1 for: exported variable 2
CheckKeyword: Found keyword type assuming suffix 1 for: exported variable 2
CheckKeyword: Found keyword type assuming suffix 1 for: operator 2
CheckKeyword: Found keyword type assuming suffix 1 for: operator 2
CheckKeyword: Found keyword type assuming suffix 1 for: exported variable 2
CheckKeyword: Found keyword type assuming suffix 1 for: exported variable 2
CheckKeyword: Found keyword type assuming suffix 1 for: exported variable 2
CheckKeyword: Found keyword type assuming suffix 1 for: exported variable 2
OpenIncludeFile: Trying to include file:  ./SRC/linsys/mumps.sif
CheckKeyword: Found keyword type assuming suffix 1 for: exported variable 2
CheckKeyword: Found keyword type assuming suffix 1 for: exported variable 2
OpenIncludeFile: Trying to include file: "Initialisation/Dimensional_ICs/bed_dim.xy"
LoadInputFile: Loading input file: InitialiseVel.sif
LoadInputFile: Reading base load of sif file
CheckKeyword:  Unlisted keyword: [gravity norm] in section: [constants]
CheckKeyword:  Unlisted keyword: [fresh water density] in section: [constants]
CheckKeyword:  Unlisted keyword: [water density] in section: [constants]
CheckKeyword:  Unlisted keyword: [ice density] in section: [constants]
CheckKeyword:  Unlisted keyword: [rock density] in section: [constants]
CheckKeyword:  Unlisted keyword: [reference temperature] in section: [constants]
CheckKeyword:  Unlisted keyword: [reference pressure] in section: [constants]
CheckKeyword:  Unlisted keyword: [sea level] in section: [constants]
CheckKeyword:  Unlisted keyword: [preserve baseline] in section: [simulation]
CheckKeyword:  Unlisted keyword: [extruded bc layers] in section: [simulation]
CheckKeyword:  Unlisted keyword: [extruded baseline layer] in section: [simulation]
CheckKeyword: Found keyword type assuming suffix 1 for: output variable 2
CheckKeyword: Found keyword type assuming suffix 1 for: output variable 2
CheckKeyword: Found keyword type assuming suffix 1 for: output variable 3
CheckKeyword: Found keyword type assuming suffix 1 for: output variable 3
CheckKeyword: Found keyword type assuming suffix 1 for: output variable 4
CheckKeyword: Found keyword type assuming suffix 1 for: output variable 4
CheckKeyword: Found keyword type assuming suffix 1 for: output variable 5
CheckKeyword: Found keyword type assuming suffix 1 for: output variable 5
CheckKeyword: Found keyword type assuming suffix 1 for: output variable 6
CheckKeyword: Found keyword type assuming suffix 1 for: output variable 6
CheckKeyword: Found keyword type assuming suffix 1 for: output variable 7
CheckKeyword: Found keyword type assuming suffix 1 for: output variable 7
CheckKeyword: Found keyword type assuming suffix 1 for: output variable 8
CheckKeyword: Found keyword type assuming suffix 1 for: output variable 8
CheckKeyword: Found keyword type assuming suffix 1 for: output variable 9
CheckKeyword: Found keyword type assuming suffix 1 for: output variable 9
CheckKeyword: Found keyword type assuming suffix 1 for: output variable 10
CheckKeyword: Found keyword type assuming suffix 1 for: output variable 10
CheckKeyword:  Unlisted keyword: [bedrock] in section: [initial condition 1]
OpenIncludeFile: Trying to include file: "Initialisation/Dimensional_ICs/bed_dim.xy"
OpenIncludeFile: Trying to include file: "Initialisation/Dimensional_ICs/Tb_dim.xy"
CheckKeyword:  Unlisted keyword: [bedrock] in section: [initial condition 2]
OpenIncludeFile: Trying to include file: "Initialisation/Dimensional_ICs/bed_dim.xy"
OpenIncludeFile: Trying to include file: "Initialisation/Dimensional_ICs/Tb_dim.xy"
CheckKeyword:  Unlisted keyword: [bedrock] in section: [initial condition 3]
OpenIncludeFile: Trying to include file: "Initialisation/Dimensional_ICs/bed_dim.xy"
OpenIncludeFile: Trying to include file: "Initialisation/Dimensional_ICs/Tb_dim.xy"
CheckKeyword:  Unlisted keyword: [zb] in section: [initial condition 4]
OpenIncludeFile: Trying to include file: "Initialisation/Dimensional_ICs/zb_dim.xy"
CheckKeyword:  Unlisted keyword: [refzb] in section: [initial condition 4]
OpenIncludeFile: Trying to include file: "Initialisation/Dimensional_ICs/zb_dim.xy"
CheckKeyword:  Unlisted keyword: [bedrock] in section: [initial condition 4]
OpenIncludeFile: Trying to include file: "Initialisation/Dimensional_ICs/bed_dim.xy"
CheckKeyword:  Unlisted keyword: [zs] in section: [initial condition 5]
OpenIncludeFile: Trying to include file: "Initialisation/Dimensional_ICs/zs_dim.xy"
CheckKeyword:  Unlisted keyword: [partial vertical meshupdate 1] in section: [body force 1]
CheckKeyword:  Unlisted keyword: [partial vertical meshupdate 2] in section: [body force 1]
CheckKeyword:  Unlisted keyword: [temperature upper limit] in section: [body force 1]
CheckKeyword:  Unlisted keyword: [partial vertical meshupdate 1] in section: [body force 2]
CheckKeyword:  Unlisted keyword: [partial vertical meshupdate 2] in section: [body force 2]
CheckKeyword:  Unlisted keyword: [temperature upper limit] in section: [body force 2]
CheckKeyword:  Unlisted keyword: [temperature upper limit] in section: [body force 3]
CheckKeyword:  Unlisted keyword: [zb accumulation] in section: [body force 4]
CheckKeyword:  Unlisted keyword: [flow solver name] in section: [body force 4]
CheckKeyword:  Unlisted keyword: [temperature upper limit] in section: [body force 4]
CheckKeyword:  Unlisted keyword: [zs accumulation flux 3] in section: [body force 5]
CheckKeyword:  Unlisted keyword: [temperature upper limit] in section: [body force 5]
CheckKeyword:  Unlisted keyword: [heat capacity scaling factor] in section: [material 3]
CheckKeyword:  Unlisted keyword: [heat conductivity scaling factor] in section: [material 3]
CheckKeyword:  Unlisted keyword: [cauchy] in section: [material 3]
CheckKeyword:  Unlisted keyword: [max zb] in section: [material 3]
CheckKeyword:  Unlisted keyword: [min zs] in section: [material 3]
CheckKeyword:  Unlisted keyword: [max zs] in section: [material 3]
CheckKeyword:  Unlisted keyword: [temperature upper limit] in section: [material 3]
CheckKeyword:  Unlisted keyword: [minimum height] in section: [solver 1]
CheckKeyword:  Unlisted keyword: [mesh update variable] in section: [solver 1]
CheckKeyword: Found keyword type assuming suffix 1 for: exported variable 2
CheckKeyword: Found keyword type assuming suffix 1 for: exported variable 2
CheckKeyword:  Unlisted keyword: [adjust surface] in section: [solver 1]
CheckKeyword: Found keyword type assuming suffix 1 for: operator 2
CheckKeyword: Found keyword type assuming suffix 1 for: operator 2
CheckKeyword:  Unlisted keyword: [toler] in section: [solver 4]
CheckKeyword:  Unlisted keyword: [bedrock variable] in section: [solver 4]
CheckKeyword: Found keyword type assuming suffix 1 for: exported variable 2
CheckKeyword: Found keyword type assuming suffix 1 for: exported variable 2
CheckKeyword:  Unlisted keyword: [relaxation factor] in section: [solver 5]
CheckKeyword:  Unlisted keyword: [relaxation factor] in section: [solver 6]
CheckKeyword:  Unlisted keyword: [computeall] in section: [solver 7]
CheckKeyword:  Unlisted keyword: [minimum height] in section: [solver 8]
CheckKeyword:  Unlisted keyword: [mesh update variable] in section: [solver 8]
CheckKeyword: Found keyword type assuming suffix 1 for: exported variable 2
CheckKeyword: Found keyword type assuming suffix 1 for: exported variable 2
CheckKeyword:  Unlisted keyword: [adjust surface] in section: [solver 8]
OpenIncludeFile: Trying to include file:  ./SRC/linsys/mumps.sif
CheckKeyword: Found keyword type assuming suffix 1 for: exported variable 2
CheckKeyword: Found keyword type assuming suffix 1 for: exported variable 2
CheckKeyword:  Unlisted keyword: [nonlinear system relaxation before] in section: [solver 11]
CheckKeyword:  Unlisted keyword: [toler] in section: [solver 13]
CheckKeyword:  Unlisted keyword: [bedrock variable] in section: [solver 13]
CheckKeyword:  Unlisted keyword: [partial vertical meshupdate 1] in section: [boundary condition 5]
CheckKeyword:  Unlisted keyword: [partial vertical meshupdate 2] in section: [boundary condition 5]
CheckKeyword:  Unlisted keyword: [temperature flux bc] in section: [boundary condition 5]
CheckKeyword:  Unlisted keyword: [partial vertical meshupdate 1] in section: [boundary condition 6]
CheckKeyword:  Unlisted keyword: [partial vertical meshupdate 2] in section: [boundary condition 6]
CheckKeyword:  Unlisted keyword: [partial vertical meshupdate 1] in section: [boundary condition 7]
CheckKeyword:  Unlisted keyword: [partial vertical meshupdate 2] in section: [boundary condition 7]
CheckKeyword:  Unlisted keyword: [partial vertical meshupdate 1] in section: [boundary condition 8]
CheckKeyword:  Unlisted keyword: [partial vertical meshupdate 2] in section: [boundary condition 8]
CheckKeyword:  Unlisted keyword: [partial vertical meshupdate 1] in section: [boundary condition 9]
CheckKeyword:  Unlisted keyword: [partial vertical meshupdate 2] in section: [boundary condition 9]
CheckKeyword:  Unlisted keyword: [temperature flux bc] in section: [boundary condition 9]
CheckKeyword:  Unlisted keyword: [partial vertical meshupdate 1] in section: [boundary condition 10]
CheckKeyword:  Unlisted keyword: [partial vertical meshupdate 2] in section: [boundary condition 10]
CheckKeyword:  Unlisted keyword: [partial vertical meshupdate 1] in section: [boundary condition 11]
CheckKeyword:  Unlisted keyword: [partial vertical meshupdate 2] in section: [boundary condition 11]
CheckKeyword:  Unlisted keyword: [partial vertical meshupdate 1] in section: [boundary condition 12]
CheckKeyword:  Unlisted keyword: [partial vertical meshupdate 2] in section: [boundary condition 12]
CheckKeyword:  Unlisted keyword: [partial vertical meshupdate 1] in section: [boundary condition 13]
CheckKeyword:  Unlisted keyword: [partial vertical meshupdate 2] in section: [boundary condition 13]
CheckKeyword:  Unlisted keyword: [partial vertical meshupdate 3] in section: [boundary condition 13]
CheckKeyword:  Unlisted keyword: [temperature flux bc] in section: [boundary condition 13]
Loading user function library: [./SRC/Buoyancy.so]...[SeaPressure]
CheckKeyword:  Unlisted keyword: [compute sea pressure] in section: [boundary condition 14]
CheckKeyword:  Unlisted keyword: [partial vertical meshupdate 1] in section: [boundary condition 14]
CheckKeyword:  Unlisted keyword: [partial vertical meshupdate 2] in section: [boundary condition 14]
CheckKeyword:  Unlisted keyword: [computenormal] in section: [boundary condition 14]
CheckKeyword:  Unlisted keyword: [partial vertical meshupdate 1] in section: [boundary condition 15]
CheckKeyword:  Unlisted keyword: [partial vertical meshupdate 2] in section: [boundary condition 15]
CheckKeyword:  Unlisted keyword: [partial vertical meshupdate 3] in section: [boundary condition 15]
CheckKeyword:  Unlisted keyword: [partial vertical meshupdate 1] in section: [boundary condition 16]
CheckKeyword:  Unlisted keyword: [partial vertical meshupdate 2] in section: [boundary condition 16]
CheckKeyword:  Unlisted keyword: [partial vertical meshupdate 3] in section: [boundary condition 16]
CheckKeyword:  Unlisted keyword: [partial vertical meshupdate 1] in section: [boundary condition 17]
CheckKeyword:  Unlisted keyword: [partial vertical meshupdate 2] in section: [boundary condition 17]
CheckKeyword:  Unlisted keyword: [partial vertical meshupdate 3] in section: [boundary condition 17]
CheckKeyword:  Unlisted keyword: [temperature flux bc] in section: [boundary condition 17]
CheckKeyword:  Unlisted keyword: [bedrock] in section: [boundary condition 18]
OpenIncludeFile: Trying to include file: "Initialisation/Dimensional_ICs/bed_dim.xy"
CheckKeyword:  Unlisted keyword: [partial vertical meshupdate 1] in section: [boundary condition 18]
CheckKeyword:  Unlisted keyword: [partial vertical meshupdate 2] in section: [boundary condition 18]
CheckKeyword:  Unlisted keyword: [partial vertical meshupdate 3] in section: [boundary condition 18]
CheckKeyword:  Unlisted keyword: [zb condition] in section: [boundary condition 19]
CheckKeyword:  Unlisted keyword: [flow solution name] in section: [boundary condition 19]
Loading user function library: [./SRC/Buoyancy.so]...[SeaSpring]
CheckKeyword:  Unlisted keyword: [compute sea spring] in section: [boundary condition 19]
Loading user function library: [ElmerIceUSF]...[SlidCoef_Contact]
Loading user function library: [ElmerIceUSF]...[SlidCoef_Contact]
Loading user function library: [./SRC/Buoyancy.so]...[SeaPressure]
CheckKeyword:  Unlisted keyword: [compute sea pressure] in section: [boundary condition 19]
CheckKeyword:  Unlisted keyword: [computenormal condition] in section: [boundary condition 19]
CheckKeyword:  Unlisted keyword: [grounding line moves] in section: [boundary condition 19]
CheckKeyword:  Unlisted keyword: [grounding line definition] in section: [boundary condition 19]
CheckKeyword:  Unlisted keyword: [test contact tolerance] in section: [boundary condition 19]
CheckKeyword:  Unlisted keyword: [sliding law] in section: [boundary condition 19]
CheckKeyword:  Unlisted keyword: [weertman exponent] in section: [boundary condition 19]
CheckKeyword:  Unlisted keyword: [weertman friction coefficient] in section: [boundary condition 19]
CheckKeyword:  Unlisted keyword: [weertman linear velocity] in section: [boundary condition 19]
CheckKeyword:  Unlisted keyword: [partial vertical meshupdate 1] in section: [boundary condition 19]
CheckKeyword:  Unlisted keyword: [partial vertical meshupdate 2] in section: [boundary condition 19]
CheckKeyword:  Unlisted keyword: [partial vertical meshupdate 3] in section: [boundary condition 19]
CheckKeyword:  Unlisted keyword: [friction loads] in section: [boundary condition 19]
CheckKeyword:  Unlisted keyword: [calculate temperature boundary weights] in section: [boundary condition 19]
CheckKeyword:  Unlisted keyword: [fssa theta] in section: [boundary condition 19]
CheckKeyword:  Unlisted keyword: [fssa flag] in section: [boundary condition 19]
CheckKeyword:  Unlisted keyword: [fssa accumulation] in section: [boundary condition 19]
CheckKeyword:  Unlisted keyword: [computenormal] in section: [boundary condition 20]
CheckKeyword:  Unlisted keyword: [partial vertical meshupdate 1] in section: [boundary condition 20]
CheckKeyword:  Unlisted keyword: [partial vertical meshupdate 2] in section: [boundary condition 20]
CheckKeyword:  Unlisted keyword: [partial vertical meshupdate 3] in section: [boundary condition 20]
CheckKeyword:  Unlisted keyword: [fssa theta] in section: [boundary condition 20]
CheckKeyword:  Unlisted keyword: [fssa flag] in section: [boundary condition 20]
CheckKeyword:  Unlisted keyword: [fssa accumulation] in section: [boundary condition 20]
LoadInputFile: Number of BCs: 20
LoadInputFile: Number of Body Forces: 5
LoadInputFile: Number of Initial Conditions: 5
LoadInputFile: Number of Materials: 3
LoadInputFile: Number of Equations: 5
LoadInputFile: Number of Solvers: 13
LoadInputFile: Number of Bodies: 5
ListTagKeywords: Setting weight for keywords!
ListTagKeywords: No parameters width suffix: normalize by area
ListTagKeywords: Setting weight for keywords!
ListTagKeywords: No parameters width suffix: normalize by volume
MAIN: 
MAIN: -------------------------------------
MAIN:  Steady state iteration:            1
MAIN: -------------------------------------
MAIN: 
BiCGStabl:       33 0.7227E-12 0.7130E-12
ComputeChange: NS (ITER=1) (NRM,RELC): (  38.637648      2.0000000     ) :: partial update
ComputeNormalSolver: Computing Normal Vector for Nodes
ComputeNormalSolver: End
SeaPressure: Variable Sea level not found. Setting to 0.0
SlidCoef_Contact: Grounding Line Defined as discontinuous
SlidCoef_Contact: GL may move by default
SlidCoef_Contact: If you want to fix the Grounding Line, put the keyword "Grounding line moves" to False
SlidCoef_Contact: Contact tested for a tolerance of 0.10000000E-02
SlidCoef_Contact: far inland nodes have the possibility to detach by default
SlidCoef_Contact: to avoid detachment (when bedrock is well below sea level),
SlidCoef_Contact: use the keyword "non detachment inland distance" to the distance you wish
SlidCoef_Contact: This works with the DistanceSolver
Sliding_Weertman:  Flow Solver Name:Flow Solution SSA: F
ComputeChange: NS (ITER=1) (NRM,RELC): (  31.616754      2.0000000     ) :: stokes-vec
ComputeChange: NS (ITER=2) (NRM,RELC): (  42.155673     0.28571430     ) :: stokes-vec
ComputeChange: NS (ITER=3) (NRM,RELC): (  45.668646     0.80000004E-01 ) :: stokes-vec
ComputeChange: NS (ITER=4) (NRM,RELC): (  46.839637     0.25316457E-01 ) :: stokes-vec
ComputeChange: NS (ITER=5) (NRM,RELC): (  47.229967     0.82987556E-02 ) :: stokes-vec
ComputeChange: NS (ITER=6) (NRM,RELC): (  47.360077     0.27510318E-02 ) :: stokes-vec
ComputeChange: NS (ITER=7) (NRM,RELC): (  47.403447     0.91533185E-03 ) :: stokes-vec
SlidCoef_Contact: FLOW SOLVER HAS SLIGHTLY CONVERGED: look for new basal conditions
ComputeChange: NS (ITER=8) (NRM,RELC): (  47.417904     0.30492455E-03 ) :: stokes-vec
ComputeChange: NS (ITER=9) (NRM,RELC): (  47.422723     0.10162086E-03 ) :: stokes-vec
ComputeChange: NS (ITER=10) (NRM,RELC): (  47.424329     0.33871325E-04 ) :: stokes-vec
ComputeChange: NS (ITER=11) (NRM,RELC): (  47.424865     0.11290187E-04 ) :: stokes-vec
ComputeChange: NS (ITER=12) (NRM,RELC): (  47.425043     0.37633672E-05 ) :: stokes-vec
ComputeChange: SS (ITER=1) (NRM,RELC): (  47.425043      2.0000000     ) :: stokes-vec
ComputeChange: NS (ITER=1) (NRM,RELC): ( 0.45988675E-03  2.0000000     ) :: deformationalheat
ComputeChange: SS (ITER=1) (NRM,RELC): ( 0.45988675E-03  2.0000000     ) :: deformationalheat
GetHydrostaticLoads: Memory allocation done.
Update Periodic Nodes for: fwater 1: Start
UpdatePeriodicNodes: All Done
Update Periodic Nodes for: fwater 2: Start
UpdatePeriodicNodes: All Done
Update Periodic Nodes for: fwater 3: Start
UpdatePeriodicNodes: All Done
GetHydrostaticLoads: End
ComputeChange: SS (ITER=1) (NRM,RELC): (  2537325.5      2.0000000     ) :: fw
GroundedSolver: Computing grounded mask from geometry
GroundedSolver: Memory allocation done.
ComputeChange: SS (ITER=1) (NRM,RELC): ( 0.99964305      2.0000000     ) :: groundedmask
MAIN: 
MAIN: -------------------------------------
MAIN:  Steady state iteration:            2
MAIN: -------------------------------------
MAIN: 
ComputeChange: NS (ITER=1) (NRM,RELC): (  38.637648      0.0000000     ) :: partial update
ComputeNormalSolver: Computing Normal Vector for Nodes
ComputeNormalSolver: End
SeaPressure: Variable Sea level not found. Setting to 0.0
ComputeChange: NS (ITER=1) (NRM,RELC): (  248.01057      1.3578967     ) :: stokes-vec
ComputeChange: NS (ITER=2) (NRM,RELC): (  327.85711     0.27730862     ) :: stokes-vec
ComputeChange: NS (ITER=3) (NRM,RELC): (  354.58635     0.78333947E-01 ) :: stokes-vec
ComputeChange: NS (ITER=4) (NRM,RELC): (  363.50472     0.24839090E-01 ) :: stokes-vec
ComputeChange: NS (ITER=5) (NRM,RELC): (  366.47836     0.81471603E-02 ) :: stokes-vec
ComputeChange: NS (ITER=6) (NRM,RELC): (  367.46967     0.27012994E-02 ) :: stokes-vec
ComputeChange: NS (ITER=7) (NRM,RELC): (  367.80011     0.89884189E-03 ) :: stokes-vec
SlidCoef_Contact: FLOW SOLVER HAS SLIGHTLY CONVERGED: look for new basal conditions
ComputeChange: NS (ITER=8) (NRM,RELC): (  367.91026     0.29943757E-03 ) :: stokes-vec
ComputeChange: NS (ITER=9) (NRM,RELC): (  367.94698     0.99792937E-04 ) :: stokes-vec
ComputeChange: NS (ITER=10) (NRM,RELC): (  367.95922     0.33262138E-04 ) :: stokes-vec
ComputeChange: NS (ITER=11) (NRM,RELC): (  367.96330     0.11087136E-04 ) :: stokes-vec
ComputeChange: NS (ITER=12) (NRM,RELC): (  367.96466     0.36956613E-05 ) :: stokes-vec
ComputeChange: SS (ITER=2) (NRM,RELC): (  367.96466      1.5433200     ) :: stokes-vec
ComputeChange: NS (ITER=1) (NRM,RELC): ( 0.22749291E-03 0.67617314     ) :: deformationalheat
ComputeChange: SS (ITER=2) (NRM,RELC): ( 0.22749291E-03 0.67617314     ) :: deformationalheat
Update Periodic Nodes for: fwater 1: Start
UpdatePeriodicNodes: All Done
Update Periodic Nodes for: fwater 2: Start
UpdatePeriodicNodes: All Done
Update Periodic Nodes for: fwater 3: Start
UpdatePeriodicNodes: All Done
GetHydrostaticLoads: End
ComputeChange: SS (ITER=2) (NRM,RELC): (  2537325.5      0.0000000     ) :: fw
GroundedSolver: Computing grounded mask from geometry
ComputeChange: SS (ITER=2) (NRM,RELC): ( 0.99964305      0.0000000     ) :: groundedmask
MAIN: 
MAIN: -------------------------------------
MAIN:  Steady state iteration:            3
MAIN: -------------------------------------
MAIN: 
ComputeChange: NS (ITER=1) (NRM,RELC): (  38.637648      0.0000000     ) :: partial update
ComputeNormalSolver: Computing Normal Vector for Nodes
ComputeNormalSolver: End
SeaPressure: Variable Sea level not found. Setting to 0.0
ComputeChange: NS (ITER=1) (NRM,RELC): (  367.96511     0.12329175E-05 ) :: stokes-vec
ComputeChange: SS (ITER=3) (NRM,RELC): (  367.96511     0.12329175E-05 ) :: stokes-vec
ComputeChange: NS (ITER=1) (NRM,RELC): ( 0.22749379E-03 0.38385053E-05 ) :: deformationalheat
ComputeChange: SS (ITER=3) (NRM,RELC): ( 0.22749379E-03 0.38385053E-05 ) :: deformationalheat
Update Periodic Nodes for: fwater 1: Start
UpdatePeriodicNodes: All Done
Update Periodic Nodes for: fwater 2: Start
UpdatePeriodicNodes: All Done
Update Periodic Nodes for: fwater 3: Start
UpdatePeriodicNodes: All Done
GetHydrostaticLoads: End
ComputeChange: SS (ITER=3) (NRM,RELC): (  2537325.5      0.0000000     ) :: fw
GroundedSolver: Computing grounded mask from geometry
ComputeChange: SS (ITER=3) (NRM,RELC): ( 0.99964305      0.0000000     ) :: groundedmask
MAIN: *** Elmer Solver: ALL DONE ***
MAIN: The end
SOLVER TOTAL TIME(CPU,REAL):        18.33       21.84
ELMER SOLVER FINISHED AT: 2026/05/13 17:14:44
