['3.00000000E-008', '1.00050000E-004', '3.00050005E+000', '6.00050005E+000', '9.00050005E+000', '1.20005000E+001', '1.50005000E+001', '1.80005000E+001', '2.10005000E+001', '2.40005000E+001', '2.70005000E+001', '3.00005000E+001', '3.30005000E+001', '3.60005000E+001', '3.90005000E+001', '4.20005000E+001', '4.50005000E+001', '4.80005000E+001', '5.10005000E+001', '5.40005000E+001', '5.70005000E+001', '6.00005000E+001', '6.30005000E+001', '6.60005000E+001', '6.90005000E+001', '7.20005000E+001', '7.50005000E+001', '7.80005000E+001', '8.10005000E+001', '8.40005000E+001', '8.70005000E+001', '9.00005000E+001', '9.30005000E+001', '9.60005000E+001', '9.90005000E+001']
files
['./OutputPickles/T2/saved_data_part_0.pkl', './OutputPickles/T2/saved_data_part_1.pkl', './OutputPickles/T2/saved_data_part_10.pkl', './OutputPickles/T2/saved_data_part_11.pkl', './OutputPickles/T2/saved_data_part_12.pkl', './OutputPickles/T2/saved_data_part_13.pkl', './OutputPickles/T2/saved_data_part_14.pkl', './OutputPickles/T2/saved_data_part_15.pkl', './OutputPickles/T2/saved_data_part_16.pkl', './OutputPickles/T2/saved_data_part_17.pkl', './OutputPickles/T2/saved_data_part_18.pkl', './OutputPickles/T2/saved_data_part_19.pkl', './OutputPickles/T2/saved_data_part_2.pkl', './OutputPickles/T2/saved_data_part_20.pkl', './OutputPickles/T2/saved_data_part_21.pkl', './OutputPickles/T2/saved_data_part_22.pkl', './OutputPickles/T2/saved_data_part_23.pkl', './OutputPickles/T2/saved_data_part_24.pkl', './OutputPickles/T2/saved_data_part_25.pkl', './OutputPickles/T2/saved_data_part_26.pkl', './OutputPickles/T2/saved_data_part_27.pkl', './OutputPickles/T2/saved_data_part_28.pkl', './OutputPickles/T2/saved_data_part_29.pkl', './OutputPickles/T2/saved_data_part_3.pkl', './OutputPickles/T2/saved_data_part_30.pkl', './OutputPickles/T2/saved_data_part_31.pkl', './OutputPickles/T2/saved_data_part_32.pkl', './OutputPickles/T2/saved_data_part_33.pkl', './OutputPickles/T2/saved_data_part_34.pkl', './OutputPickles/T2/saved_data_part_35.pkl', './OutputPickles/T2/saved_data_part_36.pkl', './OutputPickles/T2/saved_data_part_37.pkl', './OutputPickles/T2/saved_data_part_38.pkl', './OutputPickles/T2/saved_data_part_39.pkl', './OutputPickles/T2/saved_data_part_4.pkl', './OutputPickles/T2/saved_data_part_40.pkl', './OutputPickles/T2/saved_data_part_41.pkl', './OutputPickles/T2/saved_data_part_42.pkl', './OutputPickles/T2/saved_data_part_43.pkl', './OutputPickles/T2/saved_data_part_44.pkl', './OutputPickles/T2/saved_data_part_45.pkl', './OutputPickles/T2/saved_data_part_46.pkl', './OutputPickles/T2/saved_data_part_47.pkl', './OutputPickles/T2/saved_data_part_48.pkl', './OutputPickles/T2/saved_data_part_49.pkl', './OutputPickles/T2/saved_data_part_5.pkl', './OutputPickles/T2/saved_data_part_50.pkl', './OutputPickles/T2/saved_data_part_51.pkl', './OutputPickles/T2/saved_data_part_52.pkl', './OutputPickles/T2/saved_data_part_53.pkl', './OutputPickles/T2/saved_data_part_54.pkl', './OutputPickles/T2/saved_data_part_55.pkl', './OutputPickles/T2/saved_data_part_56.pkl', './OutputPickles/T2/saved_data_part_57.pkl', './OutputPickles/T2/saved_data_part_58.pkl', './OutputPickles/T2/saved_data_part_59.pkl', './OutputPickles/T2/saved_data_part_6.pkl', './OutputPickles/T2/saved_data_part_60.pkl', './OutputPickles/T2/saved_data_part_61.pkl', './OutputPickles/T2/saved_data_part_62.pkl', './OutputPickles/T2/saved_data_part_63.pkl', './OutputPickles/T2/saved_data_part_7.pkl', './OutputPickles/T2/saved_data_part_8.pkl', './OutputPickles/T2/saved_data_part_9.pkl']
MERGING
0.pkl
<_io.BufferedReader name='./OutputPickles/T2/saved_data_part_0.pkl'>
1.pkl
<_io.BufferedReader name='./OutputPickles/T2/saved_data_part_1.pkl'>
10.pkl
<_io.BufferedReader name='./OutputPickles/T2/saved_data_part_10.pkl'>
11.pkl
<_io.BufferedReader name='./OutputPickles/T2/saved_data_part_11.pkl'>
12.pkl
<_io.BufferedReader name='./OutputPickles/T2/saved_data_part_12.pkl'>
13.pkl
<_io.BufferedReader name='./OutputPickles/T2/saved_data_part_13.pkl'>
14.pkl
<_io.BufferedReader name='./OutputPickles/T2/saved_data_part_14.pkl'>
15.pkl
<_io.BufferedReader name='./OutputPickles/T2/saved_data_part_15.pkl'>
16.pkl
<_io.BufferedReader name='./OutputPickles/T2/saved_data_part_16.pkl'>
17.pkl
<_io.BufferedReader name='./OutputPickles/T2/saved_data_part_17.pkl'>
18.pkl
<_io.BufferedReader name='./OutputPickles/T2/saved_data_part_18.pkl'>
19.pkl
<_io.BufferedReader name='./OutputPickles/T2/saved_data_part_19.pkl'>
2.pkl
<_io.BufferedReader name='./OutputPickles/T2/saved_data_part_2.pkl'>
20.pkl
<_io.BufferedReader name='./OutputPickles/T2/saved_data_part_20.pkl'>
21.pkl
<_io.BufferedReader name='./OutputPickles/T2/saved_data_part_21.pkl'>
22.pkl
<_io.BufferedReader name='./OutputPickles/T2/saved_data_part_22.pkl'>
23.pkl
<_io.BufferedReader name='./OutputPickles/T2/saved_data_part_23.pkl'>
24.pkl
<_io.BufferedReader name='./OutputPickles/T2/saved_data_part_24.pkl'>
25.pkl
<_io.BufferedReader name='./OutputPickles/T2/saved_data_part_25.pkl'>
26.pkl
<_io.BufferedReader name='./OutputPickles/T2/saved_data_part_26.pkl'>
27.pkl
<_io.BufferedReader name='./OutputPickles/T2/saved_data_part_27.pkl'>
28.pkl
<_io.BufferedReader name='./OutputPickles/T2/saved_data_part_28.pkl'>
29.pkl
<_io.BufferedReader name='./OutputPickles/T2/saved_data_part_29.pkl'>
3.pkl
<_io.BufferedReader name='./OutputPickles/T2/saved_data_part_3.pkl'>
30.pkl
<_io.BufferedReader name='./OutputPickles/T2/saved_data_part_30.pkl'>
31.pkl
<_io.BufferedReader name='./OutputPickles/T2/saved_data_part_31.pkl'>
32.pkl
<_io.BufferedReader name='./OutputPickles/T2/saved_data_part_32.pkl'>
33.pkl
<_io.BufferedReader name='./OutputPickles/T2/saved_data_part_33.pkl'>
34.pkl
<_io.BufferedReader name='./OutputPickles/T2/saved_data_part_34.pkl'>
35.pkl
<_io.BufferedReader name='./OutputPickles/T2/saved_data_part_35.pkl'>
36.pkl
<_io.BufferedReader name='./OutputPickles/T2/saved_data_part_36.pkl'>
37.pkl
<_io.BufferedReader name='./OutputPickles/T2/saved_data_part_37.pkl'>
38.pkl
<_io.BufferedReader name='./OutputPickles/T2/saved_data_part_38.pkl'>
39.pkl
<_io.BufferedReader name='./OutputPickles/T2/saved_data_part_39.pkl'>
4.pkl
<_io.BufferedReader name='./OutputPickles/T2/saved_data_part_4.pkl'>
40.pkl
<_io.BufferedReader name='./OutputPickles/T2/saved_data_part_40.pkl'>
41.pkl
<_io.BufferedReader name='./OutputPickles/T2/saved_data_part_41.pkl'>
42.pkl
<_io.BufferedReader name='./OutputPickles/T2/saved_data_part_42.pkl'>
43.pkl
<_io.BufferedReader name='./OutputPickles/T2/saved_data_part_43.pkl'>
44.pkl
<_io.BufferedReader name='./OutputPickles/T2/saved_data_part_44.pkl'>
45.pkl
<_io.BufferedReader name='./OutputPickles/T2/saved_data_part_45.pkl'>
46.pkl
<_io.BufferedReader name='./OutputPickles/T2/saved_data_part_46.pkl'>
47.pkl
<_io.BufferedReader name='./OutputPickles/T2/saved_data_part_47.pkl'>
48.pkl
<_io.BufferedReader name='./OutputPickles/T2/saved_data_part_48.pkl'>
49.pkl
<_io.BufferedReader name='./OutputPickles/T2/saved_data_part_49.pkl'>
5.pkl
<_io.BufferedReader name='./OutputPickles/T2/saved_data_part_5.pkl'>
50.pkl
<_io.BufferedReader name='./OutputPickles/T2/saved_data_part_50.pkl'>
51.pkl
<_io.BufferedReader name='./OutputPickles/T2/saved_data_part_51.pkl'>
52.pkl
<_io.BufferedReader name='./OutputPickles/T2/saved_data_part_52.pkl'>
53.pkl
<_io.BufferedReader name='./OutputPickles/T2/saved_data_part_53.pkl'>
54.pkl
<_io.BufferedReader name='./OutputPickles/T2/saved_data_part_54.pkl'>
55.pkl
<_io.BufferedReader name='./OutputPickles/T2/saved_data_part_55.pkl'>
56.pkl
<_io.BufferedReader name='./OutputPickles/T2/saved_data_part_56.pkl'>
57.pkl
<_io.BufferedReader name='./OutputPickles/T2/saved_data_part_57.pkl'>
58.pkl
<_io.BufferedReader name='./OutputPickles/T2/saved_data_part_58.pkl'>
59.pkl
<_io.BufferedReader name='./OutputPickles/T2/saved_data_part_59.pkl'>
6.pkl
<_io.BufferedReader name='./OutputPickles/T2/saved_data_part_6.pkl'>
60.pkl
<_io.BufferedReader name='./OutputPickles/T2/saved_data_part_60.pkl'>
61.pkl
<_io.BufferedReader name='./OutputPickles/T2/saved_data_part_61.pkl'>
62.pkl
<_io.BufferedReader name='./OutputPickles/T2/saved_data_part_62.pkl'>
63.pkl
<_io.BufferedReader name='./OutputPickles/T2/saved_data_part_63.pkl'>
7.pkl
<_io.BufferedReader name='./OutputPickles/T2/saved_data_part_7.pkl'>
8.pkl
<_io.BufferedReader name='./OutputPickles/T2/saved_data_part_8.pkl'>
9.pkl
<_io.BufferedReader name='./OutputPickles/T2/saved_data_part_9.pkl'>
ds
dsdt
groundedmask
partial vertical meshupdate 1
partial vertical meshupdate 2
partial vertical meshupdate 3
bedrock
mesh velocity 1
mesh velocity 2
mesh velocity 3
normal vector 1
normal vector 2
normal vector 3
fwater 1
fwater 2
fwater 3
velocity 1
velocity 2
velocity 3
pressure
flow solution loads 1
flow solution loads 2
flow solution loads 3
flow solution loads 4
external pressure
w
temperature
rel temperature
temperature boundary weights
nodalcoords 1
nodalcoords 2
nodalcoords 3
temperature contact active
temperature residual
friction loads
temperature loads
zb
zb residual
zs
zs residual
nodalcoordssurf 1
nodalcoordssurf 2
nodalcoordssurf 3
stress 1
stress 2
stress 3
stress 4
stress 5
stress 6
coldtempmask
water sheet thickness
melt rate
effective pressure output
water flux 1
water flux 2
water flux 3
hydraulic conductivity output
depth
height
 plotting frame at time:
3.00000000E-008
[ 1.  1.  1. ... -1. -1. -1.]
[1.09127141e-47 3.82344516e+04 7.60413042e+04 ... 4.73722717e+06
 4.77202128e+06 4.80922909e+06]
(array([ 691,  954,  955,  956,  957,  958,  959,  960,  961,  962,  963,
        964,  965,  966,  967,  968,  969,  970,  971,  972,  973,  974,
        975,  976,  977,  978,  979,  980,  981,  982,  983,  984,  985,
        986,  987,  988,  989,  990,  991,  992,  993,  994,  995,  996,
        997,  998,  999, 1000, 1001, 1002, 1003, 1004, 1005, 1006, 1007,
       1008, 1009, 1010, 1011, 1012, 1013, 1014, 1015, 1016, 1017, 1018,
       1019, 1020, 1021, 1022, 1023, 1024, 1025, 1026, 1027, 1028, 1029,
       1030, 1031, 1032, 1033, 1034, 1035, 1036, 1037, 1038, 1039, 1040,
       1041, 1042, 1043, 1044, 1045, 1046, 1047, 1048, 1049, 1050, 1051,
       1052, 1053, 1054, 1055, 1056, 1057, 1058, 1059, 1060, 1061, 1062,
       1063, 1064, 1065, 1066, 1067, 1068, 1069, 1070, 1071, 1072, 1073,
       1074, 1075, 1076, 1077, 1078, 1079, 1080, 1081, 1082, 1083, 1084,
       1085, 1086, 1087, 1088, 1089, 1090, 1091, 1092, 1093, 1094, 1095,
       1096, 1097, 1098, 1099, 1100, 1101, 1102, 1103, 1104, 1105, 1106,
       1107, 1108, 1109, 1110, 1111, 1112, 1113, 1114, 1115, 1116, 1117,
       1118, 1119, 1120, 1121, 1122, 1123, 1124, 1125, 1126, 1127, 1128,
       1129, 1130, 1131, 1132, 1133, 1134, 1135, 1136, 1137, 1138, 1139,
       1140, 1141, 1142, 1143, 1144, 1145, 1146, 1147, 1148, 1149, 1150,
       1151, 1152, 1153, 1154, 1155, 1156, 1157, 1158, 1159, 1160, 1161,
       1162, 1163, 1164, 1165, 1166, 1167, 1168, 1169, 1170, 1171, 1172,
       1173, 1174, 1175, 1176, 1177, 1178, 1179, 1180, 1181, 1182, 1183,
       1184, 1185, 1186, 1187, 1188, 1189, 1190, 1191, 1192, 1193, 1194,
       1195, 1196, 1197, 1198, 1199, 1200, 1201, 1202, 1203, 1204, 1205,
       1206, 1207, 1208, 1209, 1210, 1211, 1212, 1213, 1214, 1215, 1216,
       1217, 1218, 1219, 1220, 1221, 1222, 1223, 1224, 1225, 1226, 1227,
       1228, 1229, 1230, 1231, 1232, 1233, 1234, 1235, 1236, 1237, 1238,
       1239, 1240, 1241, 1242, 1243, 1244, 1245, 1246, 1247, 1248, 1249,
       1250, 1251, 1252, 1253, 1254, 1255, 1256, 1257, 1258, 1259, 1260,
       1261, 1262, 1263, 1264, 1265, 1266, 1267, 1268, 1269, 1270, 1271,
       1272, 1273, 1274, 1275, 1276, 1277, 1278, 1279, 1280, 1281, 1282,
       1283, 1284, 1285, 1286, 1287, 1288, 1289, 1290, 1291, 1292, 1293,
       1294, 1295, 1296, 1297, 1298, 1299, 1300, 1301, 1302, 1303, 1304,
       1305, 1306, 1307, 1308, 1309, 1310, 1311, 1312, 1313, 1314, 1315,
       1316, 1317, 1318, 1319, 1320, 1321, 1322, 1323, 1324, 1325, 1326,
       1327, 1328, 1329, 1330, 1331, 1332, 1333, 1334, 1335, 1336, 1337,
       1338, 1339, 1340, 1341, 1342, 1343, 1344, 1345, 1346, 1347, 1348,
       1349, 1350, 1351, 1352, 1353, 1354, 1355, 1356, 1357, 1358, 1359,
       1360, 1361, 1362, 1363, 1364, 1365, 1366, 1367, 1368, 1369, 1370,
       1371, 1372, 1373, 1374, 1375, 1376, 1377, 1378, 1379, 1380, 1381,
       1382, 1383, 1384, 1385, 1386, 1387, 1388, 1389, 1390, 1391, 1392,
       1393, 1394, 1395, 1396, 1397, 1398, 1399, 1400]),)
691
 plotting frame at time:
2.70005000E+001
[ 1.  1.  1. ... -1. -1. -1.]
[      0.          38234.4515668   76041.3041994 ... 4737227.16837
 4772021.28117   4809229.08876  ]
(array([ 958,  959,  960,  961,  962,  963,  964,  965,  966,  967,  968,
        969,  970,  971,  972,  973,  974,  975,  976,  977,  978,  979,
        980,  981,  982,  983,  984,  985,  986,  987,  988,  989,  990,
        991,  992,  993,  994,  995,  996,  997,  998,  999, 1000, 1001,
       1002, 1003, 1004, 1005, 1006, 1007, 1008, 1009, 1010, 1011, 1012,
       1013, 1014, 1015, 1016, 1017, 1018, 1019, 1020, 1021, 1022, 1023,
       1024, 1025, 1026, 1027, 1028, 1029, 1030, 1031, 1032, 1033, 1034,
       1035, 1036, 1037, 1038, 1039, 1040, 1041, 1042, 1043, 1044, 1045,
       1046, 1047, 1048, 1049, 1050, 1051, 1052, 1053, 1054, 1055, 1056,
       1057, 1058, 1059, 1060, 1061, 1062, 1063, 1064, 1065, 1066, 1067,
       1068, 1069, 1070, 1071, 1072, 1073, 1074, 1075, 1076, 1077, 1078,
       1079, 1080, 1081, 1082, 1083, 1084, 1085, 1086, 1087, 1088, 1089,
       1090, 1091, 1092, 1093, 1094, 1095, 1096, 1097, 1098, 1099, 1100,
       1101, 1102, 1103, 1104, 1105, 1106, 1107, 1108, 1109, 1110, 1111,
       1112, 1113, 1114, 1115, 1116, 1117, 1118, 1119, 1120, 1121, 1122,
       1123, 1124, 1125, 1126, 1127, 1128, 1129, 1130, 1131, 1132, 1133,
       1134, 1135, 1136, 1137, 1138, 1139, 1140, 1141, 1142, 1143, 1144,
       1145, 1146, 1147, 1148, 1149, 1150, 1151, 1152, 1153, 1154, 1155,
       1156, 1157, 1158, 1159, 1160, 1161, 1162, 1163, 1164, 1165, 1166,
       1167, 1168, 1169, 1170, 1171, 1172, 1173, 1174, 1175, 1176, 1177,
       1178, 1179, 1180, 1181, 1182, 1183, 1184, 1185, 1186, 1187, 1188,
       1189, 1190, 1191, 1192, 1193, 1194, 1195, 1196, 1197, 1198, 1199,
       1200, 1201, 1202, 1203, 1204, 1205, 1206, 1207, 1208, 1209, 1210,
       1211, 1212, 1213, 1214, 1215, 1216, 1217, 1218, 1219, 1220, 1221,
       1222, 1223, 1224, 1225, 1226, 1227, 1228, 1229, 1230, 1231, 1232,
       1233, 1234, 1235, 1236, 1237, 1238, 1239, 1240, 1241, 1242, 1243,
       1244, 1245, 1246, 1247, 1248, 1249, 1250, 1251, 1252, 1253, 1254,
       1255, 1256, 1257, 1258, 1259, 1260, 1261, 1262, 1263, 1264, 1265,
       1266, 1267, 1268, 1269, 1270, 1271, 1272, 1273, 1274, 1275, 1276,
       1277, 1278, 1279, 1280, 1281, 1282, 1283, 1284, 1285, 1286, 1287,
       1288, 1289, 1290, 1291, 1292, 1293, 1294, 1295, 1296, 1297, 1298,
       1299, 1300, 1301, 1302, 1303, 1304, 1305, 1306, 1307, 1308, 1309,
       1310, 1311, 1312, 1313, 1314, 1315, 1316, 1317, 1318, 1319, 1320,
       1321, 1322, 1323, 1324, 1325, 1326, 1327, 1328, 1329, 1330, 1331,
       1332, 1333, 1334, 1335, 1336, 1337, 1338, 1339, 1340, 1341, 1342,
       1343, 1344, 1345, 1346, 1347, 1348, 1349, 1350, 1351, 1352, 1353,
       1354, 1355, 1356, 1357, 1358, 1359, 1360, 1361, 1362, 1363, 1364,
       1365, 1366, 1367, 1368, 1369, 1370, 1371, 1372, 1373, 1374, 1375,
       1376, 1377, 1378, 1379, 1380, 1381, 1382, 1383, 1384, 1385, 1386,
       1387, 1388, 1389, 1390, 1391, 1392, 1393, 1394, 1395, 1396, 1397,
       1398, 1399, 1400]),)
958
 plotting frame at time:
5.70005000E+001
[ 1.  1.  1. ... -1. -1. -1.]
[      0.          38234.4515668   76041.3041994 ... 4737227.16837
 4772021.28117   4809229.08876  ]
(array([ 961,  962,  963,  964,  965,  966,  967,  968,  969,  970,  971,
        972,  973,  974,  975,  976,  977,  978,  979,  980,  981,  982,
        983,  984,  985,  986,  987,  988,  989,  990,  991,  992,  993,
        994,  995,  996,  997,  998,  999, 1000, 1001, 1002, 1003, 1004,
       1005, 1006, 1007, 1008, 1009, 1010, 1011, 1012, 1013, 1014, 1015,
       1016, 1017, 1018, 1019, 1020, 1021, 1022, 1023, 1024, 1025, 1026,
       1027, 1028, 1029, 1030, 1031, 1032, 1033, 1034, 1035, 1036, 1037,
       1038, 1039, 1040, 1041, 1042, 1043, 1044, 1045, 1046, 1047, 1048,
       1049, 1050, 1051, 1052, 1053, 1054, 1055, 1056, 1057, 1058, 1059,
       1060, 1061, 1062, 1063, 1064, 1065, 1066, 1067, 1068, 1069, 1070,
       1071, 1072, 1073, 1074, 1075, 1076, 1077, 1078, 1079, 1080, 1081,
       1082, 1083, 1084, 1085, 1086, 1087, 1088, 1089, 1090, 1091, 1092,
       1093, 1094, 1095, 1096, 1097, 1098, 1099, 1100, 1101, 1102, 1103,
       1104, 1105, 1106, 1107, 1108, 1109, 1110, 1111, 1112, 1113, 1114,
       1115, 1116, 1117, 1118, 1119, 1120, 1121, 1122, 1123, 1124, 1125,
       1126, 1127, 1128, 1129, 1130, 1131, 1132, 1133, 1134, 1135, 1136,
       1137, 1138, 1139, 1140, 1141, 1142, 1143, 1144, 1145, 1146, 1147,
       1148, 1149, 1150, 1151, 1152, 1153, 1154, 1155, 1156, 1157, 1158,
       1159, 1160, 1161, 1162, 1163, 1164, 1165, 1166, 1167, 1168, 1169,
       1170, 1171, 1172, 1173, 1174, 1175, 1176, 1177, 1178, 1179, 1180,
       1181, 1182, 1183, 1184, 1185, 1186, 1187, 1188, 1189, 1190, 1191,
       1192, 1193, 1194, 1195, 1196, 1197, 1198, 1199, 1200, 1201, 1202,
       1203, 1204, 1205, 1206, 1207, 1208, 1209, 1210, 1211, 1212, 1213,
       1214, 1215, 1216, 1217, 1218, 1219, 1220, 1221, 1222, 1223, 1224,
       1225, 1226, 1227, 1228, 1229, 1230, 1231, 1232, 1233, 1234, 1235,
       1236, 1237, 1238, 1239, 1240, 1241, 1242, 1243, 1244, 1245, 1246,
       1247, 1248, 1249, 1250, 1251, 1252, 1253, 1254, 1255, 1256, 1257,
       1258, 1259, 1260, 1261, 1262, 1263, 1264, 1265, 1266, 1267, 1268,
       1269, 1270, 1271, 1272, 1273, 1274, 1275, 1276, 1277, 1278, 1279,
       1280, 1281, 1282, 1283, 1284, 1285, 1286, 1287, 1288, 1289, 1290,
       1291, 1292, 1293, 1294, 1295, 1296, 1297, 1298, 1299, 1300, 1301,
       1302, 1303, 1304, 1305, 1306, 1307, 1308, 1309, 1310, 1311, 1312,
       1313, 1314, 1315, 1316, 1317, 1318, 1319, 1320, 1321, 1322, 1323,
       1324, 1325, 1326, 1327, 1328, 1329, 1330, 1331, 1332, 1333, 1334,
       1335, 1336, 1337, 1338, 1339, 1340, 1341, 1342, 1343, 1344, 1345,
       1346, 1347, 1348, 1349, 1350, 1351, 1352, 1353, 1354, 1355, 1356,
       1357, 1358, 1359, 1360, 1361, 1362, 1363, 1364, 1365, 1366, 1367,
       1368, 1369, 1370, 1371, 1372, 1373, 1374, 1375, 1376, 1377, 1378,
       1379, 1380, 1381, 1382, 1383, 1384, 1385, 1386, 1387, 1388, 1389,
       1390, 1391, 1392, 1393, 1394, 1395, 1396, 1397, 1398, 1399, 1400]),)
961
 plotting frame at time:
8.70005000E+001
[ 1.  1.  1. ... -1. -1. -1.]
[      0.          38234.4515668   76041.3041994 ... 4737227.16837
 4772021.28117   4809229.08876  ]
(array([ 965,  966,  967,  968,  969,  970,  971,  972,  973,  974,  975,
        976,  977,  978,  979,  980,  981,  982,  983,  984,  985,  986,
        987,  988,  989,  990,  991,  992,  993,  994,  995,  996,  997,
        998,  999, 1000, 1001, 1002, 1003, 1004, 1005, 1006, 1007, 1008,
       1009, 1010, 1011, 1012, 1013, 1014, 1015, 1016, 1017, 1018, 1019,
       1020, 1021, 1022, 1023, 1024, 1025, 1026, 1027, 1028, 1029, 1030,
       1031, 1032, 1033, 1034, 1035, 1036, 1037, 1038, 1039, 1040, 1041,
       1042, 1043, 1044, 1045, 1046, 1047, 1048, 1049, 1050, 1051, 1052,
       1053, 1054, 1055, 1056, 1057, 1058, 1059, 1060, 1061, 1062, 1063,
       1064, 1065, 1066, 1067, 1068, 1069, 1070, 1071, 1072, 1073, 1074,
       1075, 1076, 1077, 1078, 1079, 1080, 1081, 1082, 1083, 1084, 1085,
       1086, 1087, 1088, 1089, 1090, 1091, 1092, 1093, 1094, 1095, 1096,
       1097, 1098, 1099, 1100, 1101, 1102, 1103, 1104, 1105, 1106, 1107,
       1108, 1109, 1110, 1111, 1112, 1113, 1114, 1115, 1116, 1117, 1118,
       1119, 1120, 1121, 1122, 1123, 1124, 1125, 1126, 1127, 1128, 1129,
       1130, 1131, 1132, 1133, 1134, 1135, 1136, 1137, 1138, 1139, 1140,
       1141, 1142, 1143, 1144, 1145, 1146, 1147, 1148, 1149, 1150, 1151,
       1152, 1153, 1154, 1155, 1156, 1157, 1158, 1159, 1160, 1161, 1162,
       1163, 1164, 1165, 1166, 1167, 1168, 1169, 1170, 1171, 1172, 1173,
       1174, 1175, 1176, 1177, 1178, 1179, 1180, 1181, 1182, 1183, 1184,
       1185, 1186, 1187, 1188, 1189, 1190, 1191, 1192, 1193, 1194, 1195,
       1196, 1197, 1198, 1199, 1200, 1201, 1202, 1203, 1204, 1205, 1206,
       1207, 1208, 1209, 1210, 1211, 1212, 1213, 1214, 1215, 1216, 1217,
       1218, 1219, 1220, 1221, 1222, 1223, 1224, 1225, 1226, 1227, 1228,
       1229, 1230, 1231, 1232, 1233, 1234, 1235, 1236, 1237, 1238, 1239,
       1240, 1241, 1242, 1243, 1244, 1245, 1246, 1247, 1248, 1249, 1250,
       1251, 1252, 1253, 1254, 1255, 1256, 1257, 1258, 1259, 1260, 1261,
       1262, 1263, 1264, 1265, 1266, 1267, 1268, 1269, 1270, 1271, 1272,
       1273, 1274, 1275, 1276, 1277, 1278, 1279, 1280, 1281, 1282, 1283,
       1284, 1285, 1286, 1287, 1288, 1289, 1290, 1291, 1292, 1293, 1294,
       1295, 1296, 1297, 1298, 1299, 1300, 1301, 1302, 1303, 1304, 1305,
       1306, 1307, 1308, 1309, 1310, 1311, 1312, 1313, 1314, 1315, 1316,
       1317, 1318, 1319, 1320, 1321, 1322, 1323, 1324, 1325, 1326, 1327,
       1328, 1329, 1330, 1331, 1332, 1333, 1334, 1335, 1336, 1337, 1338,
       1339, 1340, 1341, 1342, 1343, 1344, 1345, 1346, 1347, 1348, 1349,
       1350, 1351, 1352, 1353, 1354, 1355, 1356, 1357, 1358, 1359, 1360,
       1361, 1362, 1363, 1364, 1365, 1366, 1367, 1368, 1369, 1370, 1371,
       1372, 1373, 1374, 1375, 1376, 1377, 1378, 1379, 1380, 1381, 1382,
       1383, 1384, 1385, 1386, 1387, 1388, 1389, 1390, 1391, 1392, 1393,
       1394, 1395, 1396, 1397, 1398, 1399, 1400]),)
965
 plotting frame at time:
3.00000000E-008
[ 1.  1.  1. ... -1. -1. -1.]
[1.09127141e-47 3.82344516e+04 7.60413042e+04 ... 4.73722717e+06
 4.77202128e+06 4.80922909e+06]
(array([ 691,  954,  955,  956,  957,  958,  959,  960,  961,  962,  963,
        964,  965,  966,  967,  968,  969,  970,  971,  972,  973,  974,
        975,  976,  977,  978,  979,  980,  981,  982,  983,  984,  985,
        986,  987,  988,  989,  990,  991,  992,  993,  994,  995,  996,
        997,  998,  999, 1000, 1001, 1002, 1003, 1004, 1005, 1006, 1007,
       1008, 1009, 1010, 1011, 1012, 1013, 1014, 1015, 1016, 1017, 1018,
       1019, 1020, 1021, 1022, 1023, 1024, 1025, 1026, 1027, 1028, 1029,
       1030, 1031, 1032, 1033, 1034, 1035, 1036, 1037, 1038, 1039, 1040,
       1041, 1042, 1043, 1044, 1045, 1046, 1047, 1048, 1049, 1050, 1051,
       1052, 1053, 1054, 1055, 1056, 1057, 1058, 1059, 1060, 1061, 1062,
       1063, 1064, 1065, 1066, 1067, 1068, 1069, 1070, 1071, 1072, 1073,
       1074, 1075, 1076, 1077, 1078, 1079, 1080, 1081, 1082, 1083, 1084,
       1085, 1086, 1087, 1088, 1089, 1090, 1091, 1092, 1093, 1094, 1095,
       1096, 1097, 1098, 1099, 1100, 1101, 1102, 1103, 1104, 1105, 1106,
       1107, 1108, 1109, 1110, 1111, 1112, 1113, 1114, 1115, 1116, 1117,
       1118, 1119, 1120, 1121, 1122, 1123, 1124, 1125, 1126, 1127, 1128,
       1129, 1130, 1131, 1132, 1133, 1134, 1135, 1136, 1137, 1138, 1139,
       1140, 1141, 1142, 1143, 1144, 1145, 1146, 1147, 1148, 1149, 1150,
       1151, 1152, 1153, 1154, 1155, 1156, 1157, 1158, 1159, 1160, 1161,
       1162, 1163, 1164, 1165, 1166, 1167, 1168, 1169, 1170, 1171, 1172,
       1173, 1174, 1175, 1176, 1177, 1178, 1179, 1180, 1181, 1182, 1183,
       1184, 1185, 1186, 1187, 1188, 1189, 1190, 1191, 1192, 1193, 1194,
       1195, 1196, 1197, 1198, 1199, 1200, 1201, 1202, 1203, 1204, 1205,
       1206, 1207, 1208, 1209, 1210, 1211, 1212, 1213, 1214, 1215, 1216,
       1217, 1218, 1219, 1220, 1221, 1222, 1223, 1224, 1225, 1226, 1227,
       1228, 1229, 1230, 1231, 1232, 1233, 1234, 1235, 1236, 1237, 1238,
       1239, 1240, 1241, 1242, 1243, 1244, 1245, 1246, 1247, 1248, 1249,
       1250, 1251, 1252, 1253, 1254, 1255, 1256, 1257, 1258, 1259, 1260,
       1261, 1262, 1263, 1264, 1265, 1266, 1267, 1268, 1269, 1270, 1271,
       1272, 1273, 1274, 1275, 1276, 1277, 1278, 1279, 1280, 1281, 1282,
       1283, 1284, 1285, 1286, 1287, 1288, 1289, 1290, 1291, 1292, 1293,
       1294, 1295, 1296, 1297, 1298, 1299, 1300, 1301, 1302, 1303, 1304,
       1305, 1306, 1307, 1308, 1309, 1310, 1311, 1312, 1313, 1314, 1315,
       1316, 1317, 1318, 1319, 1320, 1321, 1322, 1323, 1324, 1325, 1326,
       1327, 1328, 1329, 1330, 1331, 1332, 1333, 1334, 1335, 1336, 1337,
       1338, 1339, 1340, 1341, 1342, 1343, 1344, 1345, 1346, 1347, 1348,
       1349, 1350, 1351, 1352, 1353, 1354, 1355, 1356, 1357, 1358, 1359,
       1360, 1361, 1362, 1363, 1364, 1365, 1366, 1367, 1368, 1369, 1370,
       1371, 1372, 1373, 1374, 1375, 1376, 1377, 1378, 1379, 1380, 1381,
       1382, 1383, 1384, 1385, 1386, 1387, 1388, 1389, 1390, 1391, 1392,
       1393, 1394, 1395, 1396, 1397, 1398, 1399, 1400]),)
691
 plotting frame at time:
3.00000000E-008
[ 1.  1.  1. ... -1. -1. -1.]
[1.09127141e-47 3.82344516e+04 7.60413042e+04 ... 4.73722717e+06
 4.77202128e+06 4.80922909e+06]
(array([ 691,  954,  955,  956,  957,  958,  959,  960,  961,  962,  963,
        964,  965,  966,  967,  968,  969,  970,  971,  972,  973,  974,
        975,  976,  977,  978,  979,  980,  981,  982,  983,  984,  985,
        986,  987,  988,  989,  990,  991,  992,  993,  994,  995,  996,
        997,  998,  999, 1000, 1001, 1002, 1003, 1004, 1005, 1006, 1007,
       1008, 1009, 1010, 1011, 1012, 1013, 1014, 1015, 1016, 1017, 1018,
       1019, 1020, 1021, 1022, 1023, 1024, 1025, 1026, 1027, 1028, 1029,
       1030, 1031, 1032, 1033, 1034, 1035, 1036, 1037, 1038, 1039, 1040,
       1041, 1042, 1043, 1044, 1045, 1046, 1047, 1048, 1049, 1050, 1051,
       1052, 1053, 1054, 1055, 1056, 1057, 1058, 1059, 1060, 1061, 1062,
       1063, 1064, 1065, 1066, 1067, 1068, 1069, 1070, 1071, 1072, 1073,
       1074, 1075, 1076, 1077, 1078, 1079, 1080, 1081, 1082, 1083, 1084,
       1085, 1086, 1087, 1088, 1089, 1090, 1091, 1092, 1093, 1094, 1095,
       1096, 1097, 1098, 1099, 1100, 1101, 1102, 1103, 1104, 1105, 1106,
       1107, 1108, 1109, 1110, 1111, 1112, 1113, 1114, 1115, 1116, 1117,
       1118, 1119, 1120, 1121, 1122, 1123, 1124, 1125, 1126, 1127, 1128,
       1129, 1130, 1131, 1132, 1133, 1134, 1135, 1136, 1137, 1138, 1139,
       1140, 1141, 1142, 1143, 1144, 1145, 1146, 1147, 1148, 1149, 1150,
       1151, 1152, 1153, 1154, 1155, 1156, 1157, 1158, 1159, 1160, 1161,
       1162, 1163, 1164, 1165, 1166, 1167, 1168, 1169, 1170, 1171, 1172,
       1173, 1174, 1175, 1176, 1177, 1178, 1179, 1180, 1181, 1182, 1183,
       1184, 1185, 1186, 1187, 1188, 1189, 1190, 1191, 1192, 1193, 1194,
       1195, 1196, 1197, 1198, 1199, 1200, 1201, 1202, 1203, 1204, 1205,
       1206, 1207, 1208, 1209, 1210, 1211, 1212, 1213, 1214, 1215, 1216,
       1217, 1218, 1219, 1220, 1221, 1222, 1223, 1224, 1225, 1226, 1227,
       1228, 1229, 1230, 1231, 1232, 1233, 1234, 1235, 1236, 1237, 1238,
       1239, 1240, 1241, 1242, 1243, 1244, 1245, 1246, 1247, 1248, 1249,
       1250, 1251, 1252, 1253, 1254, 1255, 1256, 1257, 1258, 1259, 1260,
       1261, 1262, 1263, 1264, 1265, 1266, 1267, 1268, 1269, 1270, 1271,
       1272, 1273, 1274, 1275, 1276, 1277, 1278, 1279, 1280, 1281, 1282,
       1283, 1284, 1285, 1286, 1287, 1288, 1289, 1290, 1291, 1292, 1293,
       1294, 1295, 1296, 1297, 1298, 1299, 1300, 1301, 1302, 1303, 1304,
       1305, 1306, 1307, 1308, 1309, 1310, 1311, 1312, 1313, 1314, 1315,
       1316, 1317, 1318, 1319, 1320, 1321, 1322, 1323, 1324, 1325, 1326,
       1327, 1328, 1329, 1330, 1331, 1332, 1333, 1334, 1335, 1336, 1337,
       1338, 1339, 1340, 1341, 1342, 1343, 1344, 1345, 1346, 1347, 1348,
       1349, 1350, 1351, 1352, 1353, 1354, 1355, 1356, 1357, 1358, 1359,
       1360, 1361, 1362, 1363, 1364, 1365, 1366, 1367, 1368, 1369, 1370,
       1371, 1372, 1373, 1374, 1375, 1376, 1377, 1378, 1379, 1380, 1381,
       1382, 1383, 1384, 1385, 1386, 1387, 1388, 1389, 1390, 1391, 1392,
       1393, 1394, 1395, 1396, 1397, 1398, 1399, 1400]),)
691
 plotting frame at time:
2.70005000E+001
[ 1.  1.  1. ... -1. -1. -1.]
[      0.          38234.4515668   76041.3041994 ... 4737227.16837
 4772021.28117   4809229.08876  ]
(array([ 958,  959,  960,  961,  962,  963,  964,  965,  966,  967,  968,
        969,  970,  971,  972,  973,  974,  975,  976,  977,  978,  979,
        980,  981,  982,  983,  984,  985,  986,  987,  988,  989,  990,
        991,  992,  993,  994,  995,  996,  997,  998,  999, 1000, 1001,
       1002, 1003, 1004, 1005, 1006, 1007, 1008, 1009, 1010, 1011, 1012,
       1013, 1014, 1015, 1016, 1017, 1018, 1019, 1020, 1021, 1022, 1023,
       1024, 1025, 1026, 1027, 1028, 1029, 1030, 1031, 1032, 1033, 1034,
       1035, 1036, 1037, 1038, 1039, 1040, 1041, 1042, 1043, 1044, 1045,
       1046, 1047, 1048, 1049, 1050, 1051, 1052, 1053, 1054, 1055, 1056,
       1057, 1058, 1059, 1060, 1061, 1062, 1063, 1064, 1065, 1066, 1067,
       1068, 1069, 1070, 1071, 1072, 1073, 1074, 1075, 1076, 1077, 1078,
       1079, 1080, 1081, 1082, 1083, 1084, 1085, 1086, 1087, 1088, 1089,
       1090, 1091, 1092, 1093, 1094, 1095, 1096, 1097, 1098, 1099, 1100,
       1101, 1102, 1103, 1104, 1105, 1106, 1107, 1108, 1109, 1110, 1111,
       1112, 1113, 1114, 1115, 1116, 1117, 1118, 1119, 1120, 1121, 1122,
       1123, 1124, 1125, 1126, 1127, 1128, 1129, 1130, 1131, 1132, 1133,
       1134, 1135, 1136, 1137, 1138, 1139, 1140, 1141, 1142, 1143, 1144,
       1145, 1146, 1147, 1148, 1149, 1150, 1151, 1152, 1153, 1154, 1155,
       1156, 1157, 1158, 1159, 1160, 1161, 1162, 1163, 1164, 1165, 1166,
       1167, 1168, 1169, 1170, 1171, 1172, 1173, 1174, 1175, 1176, 1177,
       1178, 1179, 1180, 1181, 1182, 1183, 1184, 1185, 1186, 1187, 1188,
       1189, 1190, 1191, 1192, 1193, 1194, 1195, 1196, 1197, 1198, 1199,
       1200, 1201, 1202, 1203, 1204, 1205, 1206, 1207, 1208, 1209, 1210,
       1211, 1212, 1213, 1214, 1215, 1216, 1217, 1218, 1219, 1220, 1221,
       1222, 1223, 1224, 1225, 1226, 1227, 1228, 1229, 1230, 1231, 1232,
       1233, 1234, 1235, 1236, 1237, 1238, 1239, 1240, 1241, 1242, 1243,
       1244, 1245, 1246, 1247, 1248, 1249, 1250, 1251, 1252, 1253, 1254,
       1255, 1256, 1257, 1258, 1259, 1260, 1261, 1262, 1263, 1264, 1265,
       1266, 1267, 1268, 1269, 1270, 1271, 1272, 1273, 1274, 1275, 1276,
       1277, 1278, 1279, 1280, 1281, 1282, 1283, 1284, 1285, 1286, 1287,
       1288, 1289, 1290, 1291, 1292, 1293, 1294, 1295, 1296, 1297, 1298,
       1299, 1300, 1301, 1302, 1303, 1304, 1305, 1306, 1307, 1308, 1309,
       1310, 1311, 1312, 1313, 1314, 1315, 1316, 1317, 1318, 1319, 1320,
       1321, 1322, 1323, 1324, 1325, 1326, 1327, 1328, 1329, 1330, 1331,
       1332, 1333, 1334, 1335, 1336, 1337, 1338, 1339, 1340, 1341, 1342,
       1343, 1344, 1345, 1346, 1347, 1348, 1349, 1350, 1351, 1352, 1353,
       1354, 1355, 1356, 1357, 1358, 1359, 1360, 1361, 1362, 1363, 1364,
       1365, 1366, 1367, 1368, 1369, 1370, 1371, 1372, 1373, 1374, 1375,
       1376, 1377, 1378, 1379, 1380, 1381, 1382, 1383, 1384, 1385, 1386,
       1387, 1388, 1389, 1390, 1391, 1392, 1393, 1394, 1395, 1396, 1397,
       1398, 1399, 1400]),)
958
 plotting frame at time:
5.70005000E+001
[ 1.  1.  1. ... -1. -1. -1.]
[      0.          38234.4515668   76041.3041994 ... 4737227.16837
 4772021.28117   4809229.08876  ]
(array([ 961,  962,  963,  964,  965,  966,  967,  968,  969,  970,  971,
        972,  973,  974,  975,  976,  977,  978,  979,  980,  981,  982,
        983,  984,  985,  986,  987,  988,  989,  990,  991,  992,  993,
        994,  995,  996,  997,  998,  999, 1000, 1001, 1002, 1003, 1004,
       1005, 1006, 1007, 1008, 1009, 1010, 1011, 1012, 1013, 1014, 1015,
       1016, 1017, 1018, 1019, 1020, 1021, 1022, 1023, 1024, 1025, 1026,
       1027, 1028, 1029, 1030, 1031, 1032, 1033, 1034, 1035, 1036, 1037,
       1038, 1039, 1040, 1041, 1042, 1043, 1044, 1045, 1046, 1047, 1048,
       1049, 1050, 1051, 1052, 1053, 1054, 1055, 1056, 1057, 1058, 1059,
       1060, 1061, 1062, 1063, 1064, 1065, 1066, 1067, 1068, 1069, 1070,
       1071, 1072, 1073, 1074, 1075, 1076, 1077, 1078, 1079, 1080, 1081,
       1082, 1083, 1084, 1085, 1086, 1087, 1088, 1089, 1090, 1091, 1092,
       1093, 1094, 1095, 1096, 1097, 1098, 1099, 1100, 1101, 1102, 1103,
       1104, 1105, 1106, 1107, 1108, 1109, 1110, 1111, 1112, 1113, 1114,
       1115, 1116, 1117, 1118, 1119, 1120, 1121, 1122, 1123, 1124, 1125,
       1126, 1127, 1128, 1129, 1130, 1131, 1132, 1133, 1134, 1135, 1136,
       1137, 1138, 1139, 1140, 1141, 1142, 1143, 1144, 1145, 1146, 1147,
       1148, 1149, 1150, 1151, 1152, 1153, 1154, 1155, 1156, 1157, 1158,
       1159, 1160, 1161, 1162, 1163, 1164, 1165, 1166, 1167, 1168, 1169,
       1170, 1171, 1172, 1173, 1174, 1175, 1176, 1177, 1178, 1179, 1180,
       1181, 1182, 1183, 1184, 1185, 1186, 1187, 1188, 1189, 1190, 1191,
       1192, 1193, 1194, 1195, 1196, 1197, 1198, 1199, 1200, 1201, 1202,
       1203, 1204, 1205, 1206, 1207, 1208, 1209, 1210, 1211, 1212, 1213,
       1214, 1215, 1216, 1217, 1218, 1219, 1220, 1221, 1222, 1223, 1224,
       1225, 1226, 1227, 1228, 1229, 1230, 1231, 1232, 1233, 1234, 1235,
       1236, 1237, 1238, 1239, 1240, 1241, 1242, 1243, 1244, 1245, 1246,
       1247, 1248, 1249, 1250, 1251, 1252, 1253, 1254, 1255, 1256, 1257,
       1258, 1259, 1260, 1261, 1262, 1263, 1264, 1265, 1266, 1267, 1268,
       1269, 1270, 1271, 1272, 1273, 1274, 1275, 1276, 1277, 1278, 1279,
       1280, 1281, 1282, 1283, 1284, 1285, 1286, 1287, 1288, 1289, 1290,
       1291, 1292, 1293, 1294, 1295, 1296, 1297, 1298, 1299, 1300, 1301,
       1302, 1303, 1304, 1305, 1306, 1307, 1308, 1309, 1310, 1311, 1312,
       1313, 1314, 1315, 1316, 1317, 1318, 1319, 1320, 1321, 1322, 1323,
       1324, 1325, 1326, 1327, 1328, 1329, 1330, 1331, 1332, 1333, 1334,
       1335, 1336, 1337, 1338, 1339, 1340, 1341, 1342, 1343, 1344, 1345,
       1346, 1347, 1348, 1349, 1350, 1351, 1352, 1353, 1354, 1355, 1356,
       1357, 1358, 1359, 1360, 1361, 1362, 1363, 1364, 1365, 1366, 1367,
       1368, 1369, 1370, 1371, 1372, 1373, 1374, 1375, 1376, 1377, 1378,
       1379, 1380, 1381, 1382, 1383, 1384, 1385, 1386, 1387, 1388, 1389,
       1390, 1391, 1392, 1393, 1394, 1395, 1396, 1397, 1398, 1399, 1400]),)
961
 plotting frame at time:
8.70005000E+001
[ 1.  1.  1. ... -1. -1. -1.]
[      0.          38234.4515668   76041.3041994 ... 4737227.16837
 4772021.28117   4809229.08876  ]
(array([ 965,  966,  967,  968,  969,  970,  971,  972,  973,  974,  975,
        976,  977,  978,  979,  980,  981,  982,  983,  984,  985,  986,
        987,  988,  989,  990,  991,  992,  993,  994,  995,  996,  997,
        998,  999, 1000, 1001, 1002, 1003, 1004, 1005, 1006, 1007, 1008,
       1009, 1010, 1011, 1012, 1013, 1014, 1015, 1016, 1017, 1018, 1019,
       1020, 1021, 1022, 1023, 1024, 1025, 1026, 1027, 1028, 1029, 1030,
       1031, 1032, 1033, 1034, 1035, 1036, 1037, 1038, 1039, 1040, 1041,
       1042, 1043, 1044, 1045, 1046, 1047, 1048, 1049, 1050, 1051, 1052,
       1053, 1054, 1055, 1056, 1057, 1058, 1059, 1060, 1061, 1062, 1063,
       1064, 1065, 1066, 1067, 1068, 1069, 1070, 1071, 1072, 1073, 1074,
       1075, 1076, 1077, 1078, 1079, 1080, 1081, 1082, 1083, 1084, 1085,
       1086, 1087, 1088, 1089, 1090, 1091, 1092, 1093, 1094, 1095, 1096,
       1097, 1098, 1099, 1100, 1101, 1102, 1103, 1104, 1105, 1106, 1107,
       1108, 1109, 1110, 1111, 1112, 1113, 1114, 1115, 1116, 1117, 1118,
       1119, 1120, 1121, 1122, 1123, 1124, 1125, 1126, 1127, 1128, 1129,
       1130, 1131, 1132, 1133, 1134, 1135, 1136, 1137, 1138, 1139, 1140,
       1141, 1142, 1143, 1144, 1145, 1146, 1147, 1148, 1149, 1150, 1151,
       1152, 1153, 1154, 1155, 1156, 1157, 1158, 1159, 1160, 1161, 1162,
       1163, 1164, 1165, 1166, 1167, 1168, 1169, 1170, 1171, 1172, 1173,
       1174, 1175, 1176, 1177, 1178, 1179, 1180, 1181, 1182, 1183, 1184,
       1185, 1186, 1187, 1188, 1189, 1190, 1191, 1192, 1193, 1194, 1195,
       1196, 1197, 1198, 1199, 1200, 1201, 1202, 1203, 1204, 1205, 1206,
       1207, 1208, 1209, 1210, 1211, 1212, 1213, 1214, 1215, 1216, 1217,
       1218, 1219, 1220, 1221, 1222, 1223, 1224, 1225, 1226, 1227, 1228,
       1229, 1230, 1231, 1232, 1233, 1234, 1235, 1236, 1237, 1238, 1239,
       1240, 1241, 1242, 1243, 1244, 1245, 1246, 1247, 1248, 1249, 1250,
       1251, 1252, 1253, 1254, 1255, 1256, 1257, 1258, 1259, 1260, 1261,
       1262, 1263, 1264, 1265, 1266, 1267, 1268, 1269, 1270, 1271, 1272,
       1273, 1274, 1275, 1276, 1277, 1278, 1279, 1280, 1281, 1282, 1283,
       1284, 1285, 1286, 1287, 1288, 1289, 1290, 1291, 1292, 1293, 1294,
       1295, 1296, 1297, 1298, 1299, 1300, 1301, 1302, 1303, 1304, 1305,
       1306, 1307, 1308, 1309, 1310, 1311, 1312, 1313, 1314, 1315, 1316,
       1317, 1318, 1319, 1320, 1321, 1322, 1323, 1324, 1325, 1326, 1327,
       1328, 1329, 1330, 1331, 1332, 1333, 1334, 1335, 1336, 1337, 1338,
       1339, 1340, 1341, 1342, 1343, 1344, 1345, 1346, 1347, 1348, 1349,
       1350, 1351, 1352, 1353, 1354, 1355, 1356, 1357, 1358, 1359, 1360,
       1361, 1362, 1363, 1364, 1365, 1366, 1367, 1368, 1369, 1370, 1371,
       1372, 1373, 1374, 1375, 1376, 1377, 1378, 1379, 1380, 1381, 1382,
       1383, 1384, 1385, 1386, 1387, 1388, 1389, 1390, 1391, 1392, 1393,
       1394, 1395, 1396, 1397, 1398, 1399, 1400]),)
965
